###############################################################################
#
# IAR ELF Linker V7.80.2.11947/W32 for ARM                15/Jul/2017  11:03:32
# Copyright 2007-2016 IAR Systems AB.
#
#    Output file  =  E:\Tracy\NXP\KW41Z\资料\bm\bm\debug\bm.out.tmp
#    Map file     =  E:\Tracy\NXP\KW41Z\资料\bm\bm\debug\list\bm.map
#    Command line =  
#        E:\Tracy\NXP\KW41Z\资料\bm\bm\debug\obj\app_config.o
#        E:\Tracy\NXP\KW41Z\资料\bm\bm\debug\obj\ApplMain.o
#        E:\Tracy\NXP\KW41Z\资料\bm\bm\debug\obj\battery_service.o
#        E:\Tracy\NXP\KW41Z\资料\bm\bm\debug\obj\ble_conn_manager.o
#        E:\Tracy\NXP\KW41Z\资料\bm\bm\debug\obj\ble_controller_task.o
#        E:\Tracy\NXP\KW41Z\资料\bm\bm\debug\obj\ble_globals.o
#        E:\Tracy\NXP\KW41Z\资料\bm\bm\debug\obj\ble_host_tasks.o
#        E:\Tracy\NXP\KW41Z\资料\bm\bm\debug\obj\ble_init.o
#        E:\Tracy\NXP\KW41Z\资料\bm\bm\debug\obj\ble_service_discovery.o
#        E:\Tracy\NXP\KW41Z\资料\bm\bm\debug\obj\board.o
#        E:\Tracy\NXP\KW41Z\资料\bm\bm\debug\obj\clock_config.o
#        E:\Tracy\NXP\KW41Z\资料\bm\bm\debug\obj\dbg_ram_capture.o
#        E:\Tracy\NXP\KW41Z\资料\bm\bm\debug\obj\DCDC.o
#        E:\Tracy\NXP\KW41Z\资料\bm\bm\debug\obj\device_info_service.o
#        E:\Tracy\NXP\KW41Z\资料\bm\bm\debug\obj\Flash_Adapter.o
#        E:\Tracy\NXP\KW41Z\资料\bm\bm\debug\obj\fsl_adc16.o
#        E:\Tracy\NXP\KW41Z\资料\bm\bm\debug\obj\fsl_clock.o
#        E:\Tracy\NXP\KW41Z\资料\bm\bm\debug\obj\fsl_common.o
#        E:\Tracy\NXP\KW41Z\资料\bm\bm\debug\obj\fsl_debug_console.o
#        E:\Tracy\NXP\KW41Z\资料\bm\bm\debug\obj\fsl_dspi.o
#        E:\Tracy\NXP\KW41Z\资料\bm\bm\debug\obj\fsl_flash.o
#        E:\Tracy\NXP\KW41Z\资料\bm\bm\debug\obj\fsl_gpio.o
#        E:\Tracy\NXP\KW41Z\资料\bm\bm\debug\obj\fsl_i2c.o
#        E:\Tracy\NXP\KW41Z\资料\bm\bm\debug\obj\fsl_llwu.o
#        E:\Tracy\NXP\KW41Z\资料\bm\bm\debug\obj\fsl_lptmr.o
#        E:\Tracy\NXP\KW41Z\资料\bm\bm\debug\obj\fsl_lpuart.o
#        E:\Tracy\NXP\KW41Z\资料\bm\bm\debug\obj\fsl_ltc.o
#        E:\Tracy\NXP\KW41Z\资料\bm\bm\debug\obj\fsl_os_abstraction_bm.o
#        E:\Tracy\NXP\KW41Z\资料\bm\bm\debug\obj\fsl_pmc.o
#        E:\Tracy\NXP\KW41Z\资料\bm\bm\debug\obj\fsl_rtc.o
#        E:\Tracy\NXP\KW41Z\资料\bm\bm\debug\obj\fsl_smc.o
#        E:\Tracy\NXP\KW41Z\资料\bm\bm\debug\obj\fsl_tpm.o
#        E:\Tracy\NXP\KW41Z\资料\bm\bm\debug\obj\fsl_trng.o
#        E:\Tracy\NXP\KW41Z\资料\bm\bm\debug\obj\fsl_xcvr.o
#        E:\Tracy\NXP\KW41Z\资料\bm\bm\debug\obj\fsl_xcvr_ant_config.o
#        E:\Tracy\NXP\KW41Z\资料\bm\bm\debug\obj\fsl_xcvr_ble_config.o
#        E:\Tracy\NXP\KW41Z\资料\bm\bm\debug\obj\fsl_xcvr_common_config.o
#        E:\Tracy\NXP\KW41Z\资料\bm\bm\debug\obj\fsl_xcvr_gfsk_bt_0p3_h_0p5_config.o
#        E:\Tracy\NXP\KW41Z\资料\bm\bm\debug\obj\fsl_xcvr_gfsk_bt_0p5_h_0p32_config.o
#        E:\Tracy\NXP\KW41Z\资料\bm\bm\debug\obj\fsl_xcvr_gfsk_bt_0p5_h_0p5_config.o
#        E:\Tracy\NXP\KW41Z\资料\bm\bm\debug\obj\fsl_xcvr_gfsk_bt_0p5_h_0p7_config.o
#        E:\Tracy\NXP\KW41Z\资料\bm\bm\debug\obj\fsl_xcvr_gfsk_bt_0p5_h_1p0_config.o
#        E:\Tracy\NXP\KW41Z\资料\bm\bm\debug\obj\fsl_xcvr_gfsk_bt_0p7_h_0p5_config.o
#        E:\Tracy\NXP\KW41Z\资料\bm\bm\debug\obj\fsl_xcvr_mode_datarate_config.o
#        E:\Tracy\NXP\KW41Z\资料\bm\bm\debug\obj\fsl_xcvr_msk_config.o
#        E:\Tracy\NXP\KW41Z\资料\bm\bm\debug\obj\fsl_xcvr_trim.o
#        E:\Tracy\NXP\KW41Z\资料\bm\bm\debug\obj\fsl_xcvr_zgbe_config.o
#        E:\Tracy\NXP\KW41Z\资料\bm\bm\debug\obj\FunctionLib.o
#        E:\Tracy\NXP\KW41Z\资料\bm\bm\debug\obj\gatt_database.o
#        E:\Tracy\NXP\KW41Z\资料\bm\bm\debug\obj\GenericList.o
#        E:\Tracy\NXP\KW41Z\资料\bm\bm\debug\obj\GPIO_Adapter.o
#        E:\Tracy\NXP\KW41Z\资料\bm\bm\debug\obj\gpio_pins.o
#        E:\Tracy\NXP\KW41Z\资料\bm\bm\debug\obj\hcit_serial_interface.o
#        E:\Tracy\NXP\KW41Z\资料\bm\bm\debug\obj\I2C_Adapter.o
#        E:\Tracy\NXP\KW41Z\资料\bm\bm\debug\obj\ifr_radio.o
#        E:\Tracy\NXP\KW41Z\资料\bm\bm\debug\obj\Keyboard.o
#        E:\Tracy\NXP\KW41Z\资料\bm\bm\debug\obj\LED.o
#        E:\Tracy\NXP\KW41Z\资料\bm\bm\lib_ble_4-2_host_cm0p.a
#        E:\Tracy\NXP\KW41Z\资料\bm\bm\lib_ble_kw41z_controller.a
#        E:\Tracy\NXP\KW41Z\资料\bm\bm\lib_crypto_m0.a
#        E:\Tracy\NXP\KW41Z\资料\bm\bm\debug\obj\MemManager.o
#        E:\Tracy\NXP\KW41Z\资料\bm\bm\debug\obj\Messaging.o
#        E:\Tracy\NXP\KW41Z\资料\bm\bm\debug\obj\ModuleInfo.o
#        E:\Tracy\NXP\KW41Z\资料\bm\bm\debug\obj\MWS.o
#        E:\Tracy\NXP\KW41Z\资料\bm\bm\debug\obj\NV_Flash.o
#        E:\Tracy\NXP\KW41Z\资料\bm\bm\debug\obj\NV_FsciCommands.o
#        E:\Tracy\NXP\KW41Z\资料\bm\bm\debug\obj\Panic.o
#        E:\Tracy\NXP\KW41Z\资料\bm\bm\debug\obj\pin_mux.o
#        E:\Tracy\NXP\KW41Z\资料\bm\bm\debug\obj\Reset.o
#        E:\Tracy\NXP\KW41Z\资料\bm\bm\debug\obj\RNG.o
#        E:\Tracy\NXP\KW41Z\资料\bm\bm\debug\obj\SecLib.o
#        E:\Tracy\NXP\KW41Z\资料\bm\bm\debug\obj\SerialManager.o
#        E:\Tracy\NXP\KW41Z\资料\bm\bm\debug\obj\shell.o
#        E:\Tracy\NXP\KW41Z\资料\bm\bm\debug\obj\shell_autocomplete.o
#        E:\Tracy\NXP\KW41Z\资料\bm\bm\debug\obj\shell_cmdhelp.o
#        E:\Tracy\NXP\KW41Z\资料\bm\bm\debug\obj\shell_cmdhist.o
#        E:\Tracy\NXP\KW41Z\资料\bm\bm\debug\obj\SPI_Adapter.o
#        E:\Tracy\NXP\KW41Z\资料\bm\bm\debug\obj\system_MKW41Z4.o
#        E:\Tracy\NXP\KW41Z\资料\bm\bm\debug\obj\TimersManager.o
#        E:\Tracy\NXP\KW41Z\资料\bm\bm\debug\obj\TMR_Adapter.o
#        E:\Tracy\NXP\KW41Z\资料\bm\bm\debug\obj\UART_Adapter.o
#        E:\Tracy\NXP\KW41Z\资料\bm\bm\debug\obj\wireless_uart.o
#        E:\Tracy\NXP\KW41Z\资料\bm\bm\debug\obj\wireless_uart_service.o
#        --redirect _Printf=_PrintfSmall --redirect _Scanf=_ScanfSmall -o
#        E:\Tracy\NXP\KW41Z\资料\bm\bm\debug\bm.out.tmp --config_def
#        gUseNVMLink_d=1 --map E:\Tracy\NXP\KW41Z\资料\bm\bm\debug\list\bm.map
#        --config E:\Tracy\NXP\KW41Z\资料\bm\bm/MKW41Z512xxx4_connectivity.icf
#        --semihosting --entry __iar_program_start --vfe
#
###############################################################################

*******************************************************************************
*** RUNTIME MODEL ATTRIBUTES
***

CppFlavor       = *
__SystemLibrary = DLib


*******************************************************************************
*** PLACEMENT SUMMARY
***

"A0":  place at 0x00000000 { ro section .intvec };
"P1":  place in [from 0x00000000 to 0x000003ff] |
                [from 0x00000410 to 0x0007d7ff] { ro };
"P2":  place in [from 0x1fff80c0 to 0x1fffffff] |
                [from 0x20000000 to 0x20017bff] { rw, zi };
"P4":  place in [from 0x20017c00 to 0x20017fff] { block CSTACK };
initialize by copy { rw, section .textrw };

  Section            Kind        Address     Size  Object
  -------            ----        -------     ----  ------
"A0":                                        0x40
  .intvec            ro code  0x00000000     0x40  vector_table_M.o [8]
                            - 0x00000040     0x40

"P1", part 1 of 2:                            0x0
  .rodata            const    0x00000040      0x0  zero_init3.o [8]
  .rodata            const    0x00000040      0x0  lz77_init.o [8]

"P1", part 2 of 2:                        0x27675
  .text              ro code  0x00000410   0x4350  sm_states.o [4]
  .text              ro code  0x00004760    0x288  sm_states_tb.o [4]
  .text              ro code  0x000049e8    0x1c8  sm_states_hci.o [4]
  .text              ro code  0x00004bb0     0x30  sm_debug.o [4]
  .text              ro code  0x00004be0     0x62  FunctionLib.o [1]
  .rodata            const    0x00004c42      0x2  ble_controller_task.o [1]
  .text              ro code  0x00004c44    0x61c  SecLib.o [1]
  .text              ro code  0x00005260    0x208  RNG.o [1]
  .text              ro code  0x00005468    0x46c  sm_crypto.o [4]
  .text              ro code  0x000058d4    0x6d8  sm_core.o [4]
  .text              ro code  0x00005fac    0x794  TimersManager.o [1]
  .text              ro code  0x00006740     0x32  I64Mul.o [8]
  .text              ro code  0x00006772     0x6a  I64DivMod.o [8]
  .text              ro code  0x000067dc    0x4fc  sm_packet_op.o [4]
  .text              ro code  0x00006cd8   0x118c  hci_commands.o [4]
  .text              ro code  0x00007e64    0xb90  fsl_ltc.o [1]
  .text              ro code  0x000089f4     0x34  ABImemset.o [8]
  .text              ro code  0x00008a28     0x34  ABImemcpy.o [8]
  .text              ro code  0x00008a5c    0x1d8  SW_SHA1.o [6]
  .text              ro code  0x00008c34    0x158  MemManager.o [1]
  .text              ro code  0x00008d8c     0xd6  ecdh.o [6]
  .text              ro code  0x00008e62      0x2  vector_table_M.o [8]
  .text              ro code  0x00008e64    0x632  fsl_trng.o [1]
  .rodata            const    0x00009496      0x1  app_config.o [1]
  .rodata            const    0x00009497      0x1  ble_controller_task.o [1]
  .text              ro code  0x00009498    0x324  fsl_os_abstraction_bm.o [1]
  .text              ro code  0x000097bc     0x38  SW_RNG.o [6]
  .text              ro code  0x000097f4     0xe0  I32DivModFast.o [8]
  .text              ro code  0x000098d4    0x840  device_db.o [4]
  .text              ro code  0x0000a114     0x3c  Messaging.o [1]
  .text              ro code  0x0000a150    0x174  l2ca_main.o [4]
  .text              ro code  0x0000a2c4    0x740  l2ca_resource_manager.o [4]
  .text              ro code  0x0000aa04    0x1c0  TMR_Adapter.o [1]
  .text              ro code  0x0000abc4      0x2  Panic.o [1]
  .rodata            const    0x0000abc6      0x1  ble_controller_task.o [1]
  .rodata            const    0x0000abc7      0x1  ble_controller_task.o [1]
  .text              ro code  0x0000abc8    0x4da  fsl_clock.o [1]
  .rodata            const    0x0000b0a2      0x1  ble_controller_task.o [1]
  .rodata            const    0x0000b0a3      0x1  board.o [1]
  .text              ro code  0x0000b0a4      0x2  I64DivZer.o [8]
  .rodata            const    0x0000b0a6      0x1  fsl_os_abstraction_bm.o [1]
  .rodata            const    0x0000b0a7      0x1  fsl_xcvr_trim.o [1]
  .text              ro code  0x0000b0a8     0x14  uwrite4.o [8]
  .text              ro code  0x0000b0bc     0x16  uread4.o [8]
  .text              ro code  0x0000b0d2     0xe8  GenericList.o [1]
  .text              ro code  0x0000b1ba    0x314  big_integer.o [6]
  .text              ro code  0x0000b4d0   0x10bc  ec_p_256.o [6]
  .text              ro code  0x0000c58c     0x9c  fsl_common.o [1]
  .text              ro code  0x0000c628    0x450  board.o [1]
  .text              ro code  0x0000ca78      0x2  IntDivZer.o [8]
  .text              ro code  0x0000ca7c    0x786  ApplMain.o [1]
  .text              ro code  0x0000d204    0xb08  l2ca_signaling.o [4]
  .text              ro code  0x0000dd0c    0x728  att.o [4]
  .text              ro code  0x0000e434     0x1e  U64Shr.o [8]
  .text              ro code  0x0000e454    0x21e  fsl_tpm.o [1]
  .text              ro code  0x0000e674    0x392  fsl_debug_console.o [1]
  .text              ro code  0x0000ea08    0x248  clock_config.o [1]
  .text              ro code  0x0000ec50     0xdc  Flash_Adapter.o [1]
  .text              ro code  0x0000ed2c    0x64c  GPIO_Adapter.o [1]
  .text              ro code  0x0000f378    0x2e4  fsl_adc16.o [1]
  .text              ro code  0x0000f65c      0x6  fsl_pmc.o [1]
  .text              ro code  0x0000f664    0x2c8  LED.o [1]
  .text              ro code  0x0000f92c    0x2b8  Keyboard.o [1]
  .text              ro code  0x0000fbe4    0xa0c  wireless_uart.o [1]
  .text              ro code  0x000105f0     0x68  ble_init.o [1]
  .text              ro code  0x00010658    0x450  gap_api2msg.o [4]
  .text              ro code  0x00010aa8    0x27c  gatt_api2msg.o [4]
  .text              ro code  0x00010d24   0x12e8  gap.o [4]
  .text              ro code  0x0001200c    0x944  att_cb.o [4]
  .text              ro code  0x00012950     0x10  strlen.o [8]
  .text              ro code  0x00012960     0x64  fsl_gpio.o [1]
  .text              ro code  0x000129c4     0xe8  pin_mux.o [1]
  .text              ro code  0x00012aac    0x7d0  SerialManager.o [1]
  .text              ro code  0x0001327c    0x1bc  ble_conn_manager.o [1]
  .text              ro code  0x00013438    0x378  ble_service_discovery.o [1]
  .text              ro code  0x000137b0     0x30  wireless_uart_service.o [1]
  .text              ro code  0x000137e0     0xc0  battery_service.o [1]
  .text              ro code  0x000138a0    0xd02  fsl_xcvr.o [1]
  .text              ro code  0x000145a4    0x158  ble_controller_task.o [1]
  .text              ro code  0x000146fc     0xdc  bt_le_bluetooth.o [5]
  .text              ro code  0x000147d8     0x7c  ble_host_tasks.o [1]
  .text              ro code  0x00014854     0x1e  gatt.o [4]
  .text              ro code  0x00014874   0x1be0  gatt_client.o [4]
  .text              ro code  0x00016454    0xa10  gatt_server.o [4]
  .text              ro code  0x00016e64     0xc8  gatt_database.o [1]
  .text              ro code  0x00016f2c    0x3dc  gap_cm.o [4]
  .text              ro code  0x00017308    0xd6c  gatt_db_att.o [4]
  .text              ro code  0x00018074    0x344  UART_Adapter.o [1]
  .text              ro code  0x000183b8    0x218  gatt_db_app.o [4]
  .text              ro code  0x000185d0    0x23c  ifr_radio.o [1]
  .text              ro code  0x0001880c    0xe58  fsl_xcvr_trim.o [1]
  .text              ro code  0x00019664     0x64  llf_task.o [5]
  .text              ro code  0x000196c8      0x2  platform_abs.o [5]
  .text              ro code  0x000196cc    0x1ae  platform_board_init.o [5]
  .text              ro code  0x0001987c     0x4e  hci_td_api.o [5]
  .text              ro code  0x000198cc    0x944  ll.o [5]
  .text              ro code  0x0001a210     0xaa  lec_hci_le_utils.o [5]
  .text              ro code  0x0001a2bc    0x220  hci_td.o [5]
  .text              ro code  0x0001a4dc    0x578  host_hl_task.o [4]
  .text              ro code  0x0001aa54     0xf4  gatt_db_prepare_write_queue.o [4]
  .text              ro code  0x0001ab48    0x464  fsl_lpuart.o [1]
  .text              ro code  0x0001afac     0x36  I32ToFlt.o [7]
  .text              ro code  0x0001afe2     0xaa  FltDiv.o [7]
  .text              ro code  0x0001b08c     0x26  FltCmpLe.o [7]
  .text              ro code  0x0001b0b2    0x116  FltAddSub.o [7]
  .text              ro code  0x0001b1c8     0x3a  FltToS32.o [7]
  .text              ro code  0x0001b202     0xb0  FltMul.o [7]
  .text              ro code  0x0001b2b4     0x3c  roundf.o [7]
  .text              ro code  0x0001b2f0     0x26  FltToU32.o [7]
  .text              ro code  0x0001b318    0x350  ll_tasks.o [5]
  .text              ro code  0x0001b668     0xa0  platform_power_save.o [5]
  .text              ro code  0x0001b708    0x2cc  platform_rf_driver.o [5]
  .text              ro code  0x0001b9d4     0xb8  platform_llh_interface.o [5]
  .text              ro code  0x0001ba8c    0x432  ll_utils.o [5]
  .text              ro code  0x0001bebe      0x4  platform_board_init.o [5]
  .text              ro code  0x0001bec4   0x11e0  llh_api.o [5]
  .text              ro code  0x0001d0a4    0x3a0  ll_advertiser.o [5]
  .text              ro code  0x0001d444    0x38c  ll_scanner.o [5]
  .text              ro code  0x0001d7d0   0x2f50  ll_connection.o [5]
  .text              ro code  0x00020720    0x50c  lec_hci_le_conn_commands.o [5]
  .text              ro code  0x00020c2c    0x590  lec_hci_le_commands.o [5]
  .text              ro code  0x000211bc    0x122  bt_fw_os_al.o [5]
  .text              ro code  0x000212e0     0x4c  lec_hci_le_encryption_commands.o [5]
  .text              ro code  0x0002132c    0x270  lec_hci_le_common_commands.o [5]
  .text              ro code  0x0002159c     0x8e  llh_utils.o [5]
  .text              ro code  0x0002162c   0x137e  ll_pdu.o [5]
  .text              ro code  0x000229ac    0xc12  gap_hci_cb.o [4]
  .text              ro code  0x000235c0    0x480  gap_sm_cb.o [4]
  .text              ro code  0x00023a40     0x56  xfdint.o [7]
  .text              ro code  0x00023a96     0x16  MWS.o [1]
  .text              ro code  0x00023aac    0x554  platform_vendor_cmds.o [5]
  .text              ro code  0x00024000    0x1c4  lec_hci_le.o [5]
  .text              ro code  0x000241c4    0xa94  ll_policies.o [5]
  .text              ro code  0x00024c58     0x1e  lec_hci_le_scan_commands.o [5]
  .text              ro code  0x00024c78    0x194  lec_hci_le_vendor_commands.o [5]
  .text              ro code  0x00024e0c    0x398  lec_hci_br_edr_commands.o [5]
  .text              ro code  0x000251a4    0x340  lec_hci_param_converter.o [5]
  .text              ro code  0x000254e4    0x468  lec_hci_param_validation.o [5]
  .rodata            const    0x0002594c    0x400  fsl_xcvr.o [1]
  .rodata            const    0x00025d4c    0x23c  fsl_xcvr_common_config.o [1]
  .text              ro code  0x00025f88    0x1d0  lz77_init.o [8]
  .text              ro code  0x00026158      0xa  abort.o [3]
  .text              ro code  0x00026164     0x14  exit.o [9]
  .rodata            const    0x00026178     0xbc  sm_states.o [4]
  .rodata            const    0x00026234     0x80  ec_p_256.o [6]
  .rodata            const    0x000262b4     0x68  fsl_xcvr_ant_config.o [1]
  .rodata            const    0x0002631c     0x68  fsl_xcvr_ble_config.o [1]
  .rodata            const    0x00026384     0x68  fsl_xcvr_gfsk_bt_0p3_h_0p5_config.o [1]
  .rodata            const    0x000263ec     0x68  fsl_xcvr_gfsk_bt_0p3_h_0p5_config.o [1]
  .rodata            const    0x00026454     0x68  fsl_xcvr_gfsk_bt_0p3_h_0p5_config.o [1]
  .rodata            const    0x000264bc     0x68  fsl_xcvr_gfsk_bt_0p5_h_0p32_config.o [1]
  .rodata            const    0x00026524     0x68  fsl_xcvr_gfsk_bt_0p5_h_0p32_config.o [1]
  .rodata            const    0x0002658c     0x68  fsl_xcvr_gfsk_bt_0p5_h_0p32_config.o [1]
  .rodata            const    0x000265f4     0x68  fsl_xcvr_gfsk_bt_0p5_h_0p5_config.o [1]
  .rodata            const    0x0002665c     0x68  fsl_xcvr_gfsk_bt_0p5_h_0p5_config.o [1]
  .rodata            const    0x000266c4     0x68  fsl_xcvr_gfsk_bt_0p5_h_0p5_config.o [1]
  .rodata            const    0x0002672c     0x68  fsl_xcvr_gfsk_bt_0p5_h_0p7_config.o [1]
  .rodata            const    0x00026794     0x68  fsl_xcvr_gfsk_bt_0p5_h_0p7_config.o [1]
  .rodata            const    0x000267fc     0x68  fsl_xcvr_gfsk_bt_0p5_h_0p7_config.o [1]
  .rodata            const    0x00026864     0x68  fsl_xcvr_gfsk_bt_0p5_h_1p0_config.o [1]
  .rodata            const    0x000268cc     0x68  fsl_xcvr_gfsk_bt_0p5_h_1p0_config.o [1]
  .rodata            const    0x00026934     0x68  fsl_xcvr_gfsk_bt_0p5_h_1p0_config.o [1]
  .rodata            const    0x0002699c     0x68  fsl_xcvr_gfsk_bt_0p7_h_0p5_config.o [1]
  .rodata            const    0x00026a04     0x68  fsl_xcvr_gfsk_bt_0p7_h_0p5_config.o [1]
  .rodata            const    0x00026a6c     0x68  fsl_xcvr_gfsk_bt_0p7_h_0p5_config.o [1]
  .rodata            const    0x00026ad4     0x68  fsl_xcvr_msk_config.o [1]
  .rodata            const    0x00026b3c     0x68  fsl_xcvr_msk_config.o [1]
  .rodata            const    0x00026ba4     0x68  fsl_xcvr_msk_config.o [1]
  .rodata            const    0x00026c0c     0x68  fsl_xcvr_zgbe_config.o [1]
  .isr_handler       ro code  0x00026c74     0x50  Keyboard.o [1]
  .rodata            const    0x00026cc4     0x48  fsl_xcvr_ant_config.o [1]
  .rodata            const    0x00026d0c     0x48  fsl_xcvr_ble_config.o [1]
  .rodata            const    0x00026d54     0x48  fsl_xcvr_gfsk_bt_0p3_h_0p5_config.o [1]
  .rodata            const    0x00026d9c     0x48  fsl_xcvr_gfsk_bt_0p5_h_0p32_config.o [1]
  .rodata            const    0x00026de4     0x48  fsl_xcvr_gfsk_bt_0p5_h_0p5_config.o [1]
  .rodata            const    0x00026e2c     0x48  fsl_xcvr_gfsk_bt_0p5_h_0p7_config.o [1]
  .rodata            const    0x00026e74     0x48  fsl_xcvr_gfsk_bt_0p5_h_1p0_config.o [1]
  .rodata            const    0x00026ebc     0x48  fsl_xcvr_gfsk_bt_0p7_h_0p5_config.o [1]
  .rodata            const    0x00026f04     0x48  fsl_xcvr_msk_config.o [1]
  .rodata            const    0x00026f4c     0x48  fsl_xcvr_zgbe_config.o [1]
  .rodata            const    0x00026f94     0x40  fsl_xcvr_mode_datarate_config.o [1]
  .rodata            const    0x00026fd4     0x40  fsl_xcvr_mode_datarate_config.o [1]
  .rodata            const    0x00027014     0x40  fsl_xcvr_mode_datarate_config.o [1]
  .rodata            const    0x00027054     0x40  fsl_xcvr_zgbe_config.o [1]
  .text              ro code  0x00027094     0x3c  zero_init3.o [8]
  .rodata            const    0x000270d0     0x34  board.o [1]
  .rodata            const    0x00027104     0x34  fsl_adc16.o [1]
  .rodata            const    0x00027138     0x34  fsl_clock.o [1]
  .rodata            const    0x0002716c     0x34  fsl_gpio.o [1]
  .rodata            const    0x000271a0     0x34  fsl_lpuart.o [1]
  .rodata            const    0x000271d4     0x34  fsl_tpm.o [1]
  .rodata            const    0x00027208     0x34  fsl_trng.o [1]
  .rodata            const    0x0002723c     0x34  GPIO_Adapter.o [1]
  .rodata            const    0x00027270     0x30  fsl_tpm.o [1]
  .rodata            const    0x000272a0     0x2c  fsl_common.o [1]
  .rodata            const    0x000272cc     0x28  fsl_lpuart.o [1]
  .text              ro code  0x000272f4     0x28  data_init.o [8]
  .text              ro code  0x0002731c     0x26  ll_isr.o [5]
  .text              ro code  0x00027342      0x4  ll_isr.o [5]
  .rodata            const    0x00027348     0x24  fsl_adc16.o [1]
  .rodata            const    0x0002736c     0x24  fsl_trng.o [1]
  .iar.init_table    const    0x00027390     0x2c  - Linker created -
  .rodata            const    0x000273bc     0x20  fsl_adc16.o [1]
  .rodata            const    0x000273dc     0x20  ModuleInfo.o [1]
  .text              ro code  0x000273fc     0x20  lec_hci_le_adv_commands.o [5]
  .rodata            const    0x0002741c     0x1c  board.o [1]
  .rodata            const    0x00027438     0x1c  fsl_tpm.o [1]
  .rodata            const    0x00027454     0x1c  fsl_xcvr_trim.o [1]
  .text              ro code  0x00027470     0x1a  cmain.o [8]
  .text              ro code  0x0002748a      0x4  low_level_init.o [3]
  .text              ro code  0x0002748e      0x8  exit.o [3]
  .text              ro code  0x00027498      0xa  cexit.o [8]
  .rodata            const    0x000274a4     0x18  app_config.o [1]
  .rodata            const    0x000274bc     0x18  fsl_lpuart.o [1]
  .rodata            const    0x000274d4     0x18  fsl_xcvr.o [1]
  .rodata            const    0x000274ec     0x14  SerialManager.o [1]
  .rodata            const    0x00027500     0x10  battery_service.o [1]
  .rodata            const    0x00027510     0x10  ble_controller_task.o [1]
  .rodata            const    0x00027520     0x10  fsl_adc16.o [1]
  .rodata            const    0x00027530     0x10  fsl_clock.o [1]
  .rodata            const    0x00027540     0x10  fsl_clock.o [1]
  .rodata            const    0x00027550     0x10  fsl_lpuart.o [1]
  .rodata            const    0x00027560     0x10  ifr_radio.o [1]
  .rodata            const    0x00027570     0x10  SecLib.o [1]
  .rodata            const    0x00027580     0x10  host_version.o [4]
  .VERSION_TAGS      const    0x00027590      0xc  ModuleInfo.o [1]
  .VERSION_TAGS      const    0x0002759c      0xc  host_version.o [4]
  .rodata            const    0x000275a8      0xc  ble_host_tasks.o [1]
  .rodata            const    0x000275b4      0xc  Flash_Adapter.o [1]
  .rodata            const    0x000275c0      0xc  fsl_clock.o [1]
  .rodata            const    0x000275cc      0xc  fsl_os_abstraction_bm.o [1]
  .rodata            const    0x000275d8      0xc  fsl_os_abstraction_bm.o [1]
  .rodata            const    0x000275e4      0xc  fsl_tpm.o [1]
  .rodata            const    0x000275f0      0xc  fsl_tpm.o [1]
  .rodata            const    0x000275fc      0xc  GPIO_Adapter.o [1]
  .rodata            const    0x00027608      0xc  GPIO_Adapter.o [1]
  .rodata            const    0x00027614      0xc  TimersManager.o [1]
  .rodata            const    0x00027620      0xc  TMR_Adapter.o [1]
  .text              ro code  0x0002762c      0xc  cstartup_M.o [8]
  .rodata            const    0x00027638      0x8  app_config.o [1]
  .rodata            const    0x00027640      0x8  ble_controller_task.o [1]
  .rodata            const    0x00027648      0x8  clock_config.o [1]
  .rodata            const    0x00027650      0x8  clock_config.o [1]
  .rodata            const    0x00027658      0x8  clock_config.o [1]
  .rodata            const    0x00027660      0x8  fsl_gpio.o [1]
  .rodata            const    0x00027668      0x8  fsl_lpuart.o [1]
  .rodata            const    0x00027670      0x8  fsl_tpm.o [1]
  .rodata            const    0x00027678      0x8  GPIO_Adapter.o [1]
  .rodata            const    0x00027680      0x4  board.o [1]
  .rodata            const    0x00027684      0x4  fsl_adc16.o [1]
  .rodata            const    0x00027688      0x4  fsl_adc16.o [1]
  .rodata            const    0x0002768c      0x4  fsl_lpuart.o [1]
  .rodata            const    0x00027690      0x4  fsl_lpuart.o [1]
  .rodata            const    0x00027694      0x4  fsl_trng.o [1]
  .rodata            const    0x00027698      0x4  fsl_trng.o [1]
  .rodata            const    0x0002769c      0x4  TMR_Adapter.o [1]
  .rodata            const    0x000276a0      0x4  ecdh.o [6]
  Initializer bytes  const    0x000276a4    0x3e1  <for P2 s0>
                            - 0x00027a85  0x27675

"P2", part 1 of 2:                          0x645
  P2 s0                       0x20000000    0x645  <Init block>
    .data            inited   0x20000000    0x1e0  gatt_database.o [1]
    .data            inited   0x200001e0     0x38  platform_board_init.o [5]
    .data            inited   0x20000218     0x30  gap_cm.o [4]
    .data            inited   0x20000248     0x28  fsl_xcvr.o [1]
    .data            inited   0x20000270     0x28  fsl_xcvr.o [1]
    .data            inited   0x20000298     0x28  fsl_xcvr.o [1]
    .data            inited   0x200002c0     0x28  MemManager.o [1]
    .data            inited   0x200002e8     0x28  hci_commands.o [4]
    .data            inited   0x20000310     0x20  app_config.o [1]
    .data            inited   0x20000330     0x20  ble_controller_task.o [1]
    .data            inited   0x20000350     0x20  ble_host_tasks.o [1]
    .data            inited   0x20000370     0x20  fsl_os_abstraction_bm.o [1]
    .data            inited   0x20000390     0x20  SerialManager.o [1]
    .data            inited   0x200003b0     0x20  TimersManager.o [1]
    .data            inited   0x200003d0     0x1c  app_config.o [1]
    .data            inited   0x200003ec     0x1c  gpio_pins.o [1]
    .data            inited   0x20000408     0x18  wireless_uart.o [1]
    .data            inited   0x20000420     0x14  gatt_database.o [1]
    .data            inited   0x20000434     0x14  gatt_database.o [1]
    .data            inited   0x20000448     0x14  wireless_uart.o [1]
    .data            inited   0x2000045c     0x14  wireless_uart.o [1]
    .data            inited   0x20000470     0x14  wireless_uart.o [1]
    .data            inited   0x20000484     0x14  wireless_uart.o [1]
    .data            inited   0x20000498     0x14  wireless_uart.o [1]
    .data            inited   0x200004ac     0x14  sm_debug.o [4]
    .data            inited   0x200004c0     0x10  app_config.o [1]
    .data            inited   0x200004d0     0x10  app_config.o [1]
    .data            inited   0x200004e0     0x10  app_config.o [1]
    .data            inited   0x200004f0     0x10  app_config.o [1]
    .data            inited   0x20000500     0x10  gatt_database.o [1]
    .data            inited   0x20000510     0x10  gatt_database.o [1]
    .data            inited   0x20000520     0x10  gatt_database.o [1]
    .data            inited   0x20000530      0xc  app_config.o [1]
    .data            inited   0x2000053c      0xc  gatt_database.o [1]
    .data            inited   0x20000548      0xc  TMR_Adapter.o [1]
    .data            inited   0x20000554      0x8  app_config.o [1]
    .data            inited   0x2000055c      0x8  app_config.o [1]
    .data            inited   0x20000564      0x8  app_config.o [1]
    .data            inited   0x2000056c      0x8  gatt_database.o [1]
    .data            inited   0x20000574      0x8  gatt_database.o [1]
    .data            inited   0x2000057c      0x8  gatt_database.o [1]
    .data            inited   0x20000584      0x8  gatt_database.o [1]
    .data            inited   0x2000058c      0x8  gatt_database.o [1]
    .data            inited   0x20000594      0x8  gatt_database.o [1]
    .data            inited   0x2000059c      0x8  gatt_database.o [1]
    .data            inited   0x200005a4      0x8  gatt_database.o [1]
    .data            inited   0x200005ac      0x8  gatt_database.o [1]
    .data            inited   0x200005b4      0x8  gatt_database.o [1]
    .data            inited   0x200005bc      0x8  gatt_database.o [1]
    .data            inited   0x200005c4      0x8  gatt_database.o [1]
    .data            inited   0x200005cc      0x8  gatt_database.o [1]
    .data            inited   0x200005d4      0x8  gatt_database.o [1]
    .data            inited   0x200005dc      0x8  gpio_pins.o [1]
    .data            inited   0x200005e4      0x4  fsl_clock.o [1]
    .data            inited   0x200005e8      0x4  fsl_clock.o [1]
    .data            inited   0x200005ec      0x4  gatt_database.o [1]
    .data            inited   0x200005f0      0x4  gatt_database.o [1]
    .data            inited   0x200005f4      0x4  GPIO_Adapter.o [1]
    .data            inited   0x200005f8      0x4  ModuleInfo.o [1]
    .data            inited   0x200005fc      0x4  RNG.o [1]
    .data            inited   0x20000600      0x4  system_MKW41Z4.o [1]
    .data            inited   0x20000604      0x4  TimersManager.o [1]
    .data            inited   0x20000608      0x4  UART_Adapter.o [1]
    .data            inited   0x2000060c      0x4  wireless_uart.o [1]
    .data            inited   0x20000610      0x4  host_version.o [4]
    .data            inited   0x20000614      0x4  SW_RNG.o [6]
    .data            inited   0x20000618      0x4  gap.o [4]
    .data            inited   0x2000061c      0x4  platform_rf_driver.o [5]
    .data            inited   0x20000620      0x3  platform_board_init.o [5]
    .data            inited   0x20000623      0x1  ble_globals.o [1]
    .data            inited   0x20000624      0x2  ble_globals.o [1]
    .data            inited   0x20000626      0x2  ble_globals.o [1]
    .data            inited   0x20000628      0x2  ble_globals.o [1]
    .data            inited   0x2000062a      0x2  ble_globals.o [1]
    .data            inited   0x2000062c      0x2  fsl_xcvr.o [1]
    .data            inited   0x2000062e      0x2  fsl_xcvr.o [1]
    .data            inited   0x20000630      0x2  gatt_database.o [1]
    .data            inited   0x20000632      0x2  gatt_database.o [1]
    .data            inited   0x20000634      0x2  gatt_database.o [1]
    .data            inited   0x20000636      0x2  gatt_database.o [1]
    .data            inited   0x20000638      0x2  wireless_uart.o [1]
    .data            inited   0x2000063a      0x2  wireless_uart.o [1]
    .data            inited   0x2000063c      0x1  ble_globals.o [1]
    .data            inited   0x2000063d      0x1  ble_globals.o [1]
    .data            inited   0x2000063e      0x1  gatt_database.o [1]
    .data            inited   0x2000063f      0x1  Keyboard.o [1]
    .data            inited   0x20000640      0x1  LED.o [1]
    .data            inited   0x20000641      0x1  LED.o [1]
    .data            inited   0x20000642      0x1  UART_Adapter.o [1]
    .data            inited   0x20000643      0x1  gap.o [4]
    .data            inited   0x20000644      0x1  gap.o [4]
                            - 0x20000645    0x645

"P2", part 2 of 2:                         0x91d4
  .bss               zero     0x20000648   0x6540  MemManager.o [1]
  .bss               zero     0x20006b88    0x6c0  ApplMain.o [1]
  .bss               zero     0x20007248    0x5e4  SerialManager.o [1]
  .bss               zero     0x2000782c    0x440  device_db.o [4]
  .bss               zero     0x20007c6c    0x2e8  ble_globals.o [1]
  .bss               zero     0x20007f54     0x7c  l2ca_resource_manager.o [4]
  .bss               zero     0x20007fd0    0x288  ll.o [5]
  .bss               zero     0x20008258    0x240  gatt_client.o [4]
  .bss               zero     0x20008498    0x1e4  ll_tasks.o [5]
  .bss               zero     0x2000867c     0x74  att_cb.o [4]
  .bss               zero     0x200086f0    0x120  TimersManager.o [1]
  .bss               zero     0x20008810    0x110  gap_cm.o [4]
  .bss               zero     0x20008920     0xf8  att.o [4]
  .bss               zero     0x20008a18     0xf8  gap_cm.o [4]
  .bss               zero     0x20008b10     0xf8  att_cb.o [4]
  .bss               zero     0x20008c08     0xf4  gatt_database.o [1]
  .bss               zero     0x20008cfc     0xe0  ble_globals.o [1]
  .bss               zero     0x20008ddc     0xd8  device_db.o [4]
  .bss               zero     0x20008eb4     0xc8  fsl_xcvr_trim.o [1]
  .bss               zero     0x20008f7c     0xbc  gap.o [4]
  .bss               zero     0x20009038     0xac  ll.o [5]
  .bss               zero     0x200090e4     0x90  sm_core.o [4]
  .bss               zero     0x20009174     0x8c  fsl_os_abstraction_bm.o [1]
  .bss               zero     0x20009200     0x8c  fsl_os_abstraction_bm.o [1]
  .bss               zero     0x2000928c     0x8c  hci_td_api.o [5]
  .bss               zero     0x20009318     0x5c  ble_conn_manager.o [1]
  .bss               zero     0x20009374     0x50  MemManager.o [1]
  .bss               zero     0x200093c4     0x4c  Flash_Adapter.o [1]
  .bss               zero     0x20009410     0x44  ll_utils.o [5]
  .bss               zero     0x20009454     0x40  lec_hci_le.o [5]
  .bss               zero     0x20009494     0x3c  GPIO_Adapter.o [1]
  .bss               zero     0x200094d0     0x30  ll_advertiser.o [5]
  .bss               zero     0x20009500     0x24  gap.o [4]
  .bss               zero     0x20009524     0x20  SerialManager.o [1]
  .bss               zero     0x20009544     0x20  gap.o [4]
  .bss               zero     0x20009564     0x1d  bt_le_bluetooth.o [5]
  .bss               zero     0x20009582      0x2  fsl_xcvr_trim.o [1]
  .bss               zero     0x20009584     0x18  device_db.o [4]
  .bss               zero     0x2000959c     0x14  ble_globals.o [1]
  .bss               zero     0x200095b0     0x14  ble_globals.o [1]
  .bss               zero     0x200095c4     0x14  ble_service_discovery.o [1]
  .bss               zero     0x200095d8     0x14  RNG.o [1]
  .bss               zero     0x200095ec     0x10  fsl_debug_console.o [1]
  .bss               zero     0x200095fc     0x10  gatt_database.o [1]
  .bss               zero     0x2000960c     0x10  Keyboard.o [1]
  .bss               zero     0x2000961c     0x10  gap.o [4]
  .bss               zero     0x2000962c     0x10  gap.o [4]
  .bss               zero     0x2000963c     0x10  gatt_client.o [4]
  .bss               zero     0x2000964c     0x10  gatt_server.o [4]
  .bss               zero     0x2000965c      0xc  ApplMain.o [1]
  .bss               zero     0x20009668      0xc  ApplMain.o [1]
  .bss               zero     0x20009674      0xc  ble_host_tasks.o [1]
  .bss               zero     0x20009680      0xc  ble_host_tasks.o [1]
  .bss               zero     0x2000968c      0xc  board.o [1]
  .bss               zero     0x20009698      0xc  TimersManager.o [1]
  .bss               zero     0x200096a4      0xc  bt_le_bluetooth.o [5]
  .bss               zero     0x200096b0      0xc  hci_commands.o [4]
  .bss               zero     0x200096bc      0xc  att.o [4]
  .bss               zero     0x200096c8      0xc  gap_hci_cb.o [4]
  .bss               zero     0x200096d4      0xc  ll_advertiser.o [5]
  .bss               zero     0x200096e0      0xa  platform_power_save.o [5]
  .bss               zero     0x200096ea      0x2  fsl_xcvr_trim.o [1]
  .bss               zero     0x200096ec      0x8  app_config.o [1]
  .bss               zero     0x200096f4      0x8  ble_conn_manager.o [1]
  .bss               zero     0x200096fc      0x8  wireless_uart.o [1]
  .bss               zero     0x20009704      0x4  ApplMain.o [1]
  .bss               zero     0x20009708      0x8  l2ca_resource_manager.o [4]
  .bss               zero     0x20009710      0x8  gap.o [4]
  .bss               zero     0x20009718      0x8  gap.o [4]
  .bss               zero     0x20009720      0x8  gatt_db_prepare_write_queue.o [4]
  .bss               zero     0x20009728      0x4  ApplMain.o [1]
  .bss               zero     0x2000972c      0x4  ApplMain.o [1]
  .bss               zero     0x20009730      0x4  ApplMain.o [1]
  .bss               zero     0x20009734      0x4  ApplMain.o [1]
  .bss               zero     0x20009738      0x4  ApplMain.o [1]
  .bss               zero     0x2000973c      0x4  ApplMain.o [1]
  .bss               zero     0x20009740      0x4  ApplMain.o [1]
  .bss               zero     0x20009744      0x4  ApplMain.o [1]
  .bss               zero     0x20009748      0x4  ApplMain.o [1]
  .bss               zero     0x2000974c      0x4  ApplMain.o [1]
  .bss               zero     0x20009750      0x4  ble_controller_task.o [1]
  .bss               zero     0x20009754      0x4  ble_controller_task.o [1]
  .bss               zero     0x20009758      0x4  ble_host_tasks.o [1]
  .bss               zero     0x2000975c      0x4  ble_host_tasks.o [1]
  .bss               zero     0x20009760      0x4  ble_service_discovery.o [1]
  .bss               zero     0x20009764      0x4  board.o [1]
  .bss               zero     0x20009768      0x4  fsl_clock.o [1]
  .bss               zero     0x2000976c      0x4  fsl_clock.o [1]
  .bss               zero     0x20009770      0x4  fsl_os_abstraction_bm.o [1]
  .bss               zero     0x20009774      0x4  fsl_os_abstraction_bm.o [1]
  .bss               zero     0x20009778      0x4  fsl_os_abstraction_bm.o [1]
  .bss               zero     0x2000977c      0x4  fsl_os_abstraction_bm.o [1]
  .bss               zero     0x20009780      0x4  fsl_xcvr.o [1]
  .bss               zero     0x20009784      0x4  fsl_xcvr.o [1]
  .bss               zero     0x20009788      0x4  fsl_xcvr_trim.o [1]
  .bss               zero     0x2000978c      0x4  fsl_xcvr_trim.o [1]
  .bss               zero     0x20009790      0x4  fsl_xcvr_trim.o [1]
  .bss               zero     0x20009794      0x4  gatt_database.o [1]
  .bss               zero     0x20009798      0x4  ifr_radio.o [1]
  .bss               zero     0x2000979c      0x4  Keyboard.o [1]
  .bss               zero     0x200097a0      0x4  Keyboard.o [1]
  .bss               zero     0x200097a4      0x4  Keyboard.o [1]
  .bss               zero     0x200097a8      0x4  LED.o [1]
  .bss               zero     0x200097ac      0x4  SerialManager.o [1]
  .bss               zero     0x200097b0      0x4  SerialManager.o [1]
  .bss               zero     0x200097b4      0x4  TimersManager.o [1]
  .bss               zero     0x200097b8      0x4  TimersManager.o [1]
  .bss               zero     0x200097bc      0x4  TimersManager.o [1]
  .bss               zero     0x200097c0      0x4  UART_Adapter.o [1]
  .bss               zero     0x200097c4      0x4  wireless_uart.o [1]
  .bss               zero     0x200097c8      0x4  wireless_uart.o [1]
  .bss               zero     0x200097cc      0x4  platform_board_init.o [5]
  .bss               zero     0x200097d0      0x4  bt_le_bluetooth.o [5]
  .bss               zero     0x200097d4      0x4  gap.o [4]
  .bss               zero     0x200097d8      0x4  gatt_client.o [4]
  .bss               zero     0x200097dc      0x4  gatt_client.o [4]
  .bss               zero     0x200097e0      0x4  llh_api.o [5]
  .bss               zero     0x200097e4      0x4  att_cb.o [4]
  .bss               zero     0x200097e8      0x2  fsl_xcvr_trim.o [1]
  .bss               zero     0x200097ea      0x2  gatt_database.o [1]
  .bss               zero     0x200097ec      0x2  gatt_database.o [1]
  .bss               zero     0x200097ee      0x2  gatt_database.o [1]
  .bss               zero     0x200097f0      0x2  gatt_database.o [1]
  .bss               zero     0x200097f2      0x2  GPIO_Adapter.o [1]
  .bss               zero     0x200097f4      0x2  MemManager.o [1]
  .bss               zero     0x200097f6      0x2  TimersManager.o [1]
  .bss               zero     0x200097f8      0x2  TimersManager.o [1]
  .bss               zero     0x200097fa      0x2  TimersManager.o [1]
  .bss               zero     0x200097fc      0x1  ApplMain.o [1]
  .bss               zero     0x200097fd      0x1  battery_service.o [1]
  .bss               zero     0x200097fe      0x1  ble_globals.o [1]
  .bss               zero     0x200097ff      0x1  board.o [1]
  .bss               zero     0x20009800      0x1  gatt_database.o [1]
  .bss               zero     0x20009801      0x1  Keyboard.o [1]
  .bss               zero     0x20009802      0x1  Keyboard.o [1]
  .bss               zero     0x20009803      0x1  LED.o [1]
  .bss               zero     0x20009804      0x1  LED.o [1]
  .bss               zero     0x20009805      0x1  RNG.o [1]
  .bss               zero     0x20009806      0x1  SerialManager.o [1]
  .bss               zero     0x20009807      0x1  SerialManager.o [1]
  .bss               zero     0x20009808      0x1  TimersManager.o [1]
  .bss               zero     0x20009809      0x1  TimersManager.o [1]
  .bss               zero     0x2000980a      0x1  TimersManager.o [1]
  .bss               zero     0x2000980b      0x1  TimersManager.o [1]
  .bss               zero     0x2000980c      0x1  TimersManager.o [1]
  .bss               zero     0x2000980d      0x1  wireless_uart.o [1]
  .bss               zero     0x2000980e      0x1  wireless_uart.o [1]
  .bss               zero     0x2000980f      0x1  wireless_uart.o [1]
  .bss               zero     0x20009810      0x1  wireless_uart.o [1]
  .bss               zero     0x20009811      0x1  wireless_uart.o [1]
  .bss               zero     0x20009812      0x1  wireless_uart.o [1]
  .bss               zero     0x20009813      0x1  wireless_uart_service.o [1]
  .bss               zero     0x20009814      0x1  gap.o [4]
  .bss               zero     0x20009815      0x1  gap.o [4]
  .bss               zero     0x20009816      0x1  gap.o [4]
  .bss               zero     0x20009817      0x1  gatt_server.o [4]
  .bss               zero     0x20009818      0x1  platform_abs.o [5]
  .bss               zero     0x20009819      0x1  ll.o [5]
  .bss               zero     0x2000981a      0x1  ll.o [5]
  .bss               zero     0x2000981b      0x1  l2ca_main.o [4]
                            - 0x2000981c   0x91d4

"P4":                                       0x400
  CSTACK                      0x20017c00    0x400  <Block>
    CSTACK           uninit   0x20017c00    0x400  <Block tail>
                            - 0x20018000    0x400


*******************************************************************************
*** INIT TABLE
***

          Address     Size
          -------     ----
Zero (__iar_zero_init3)
    1 destination range, total size 0x91d4:
          0x20000648  0x91d4

Copy/lz77 (__iar_lz77_init3)
    1 source range, total size 0x3e1 (61% of destination):
          0x000276a4   0x3e1
    1 destination range, total size 0x645:
          0x20000000   0x645



*******************************************************************************
*** MODULE SUMMARY
***

    Module                                ro code  ro data  rw data
    ------                                -------  -------  -------
E:\Tracy\NXP\KW41Z\资料\bm\bm\debug\obj: [1]
    ApplMain.o                              1 926             1 797
    Flash_Adapter.o                           220       12       76
    FunctionLib.o                              98
    GPIO_Adapter.o                          1 612       87       66
    GenericList.o                             232
    Keyboard.o                                776                31
    LED.o                                     712        2        8
    MWS.o                                      22
    MemManager.o                              344       25   26 042
    Messaging.o                                60
    ModuleInfo.o                                        46        4
    Panic.o                                     2
    RNG.o                                     520        3       25
    SecLib.o                                1 564       16
    SerialManager.o                         2 000       40    1 582
    TMR_Adapter.o                             448       23       12
    TimersManager.o                         1 940       34      359
    UART_Adapter.o                            836        2        9
    app_config.o                                       132      168
    battery_service.o                         192       16        1
    ble_conn_manager.o                        444               100
    ble_controller_task.o                     344       50       40
    ble_globals.o                                        7    1 020
    ble_host_tasks.o                          124       32       64
    ble_init.o                                104
    ble_service_discovery.o                   888                24
    board.o                                 1 104       85       17
    clock_config.o                            584       24
    fsl_adc16.o                               740      144
    fsl_clock.o                             1 242      101       16
    fsl_common.o                              156       44
    fsl_debug_console.o                       914                16
    fsl_gpio.o                                100       60
    fsl_lpuart.o                            1 124      148
    fsl_ltc.o                               2 960
    fsl_os_abstraction_bm.o                   804       45      328
    fsl_pmc.o                                   6
    fsl_tpm.o                                 542      160
    fsl_trng.o                              1 586       96
    fsl_xcvr.o                              3 330    1 125      132
    fsl_xcvr_ant_config.o                              176
    fsl_xcvr_ble_config.o                              176
    fsl_xcvr_common_config.o                           572
    fsl_xcvr_gfsk_bt_0p3_h_0p5_config.o                384
    fsl_xcvr_gfsk_bt_0p5_h_0p32_config.o               384
    fsl_xcvr_gfsk_bt_0p5_h_0p5_config.o                384
    fsl_xcvr_gfsk_bt_0p5_h_0p7_config.o                384
    fsl_xcvr_gfsk_bt_0p5_h_1p0_config.o                384
    fsl_xcvr_gfsk_bt_0p7_h_0p5_config.o                384
    fsl_xcvr_mode_datarate_config.o                    192
    fsl_xcvr_msk_config.o                              384
    fsl_xcvr_trim.o                         3 672       29      218
    fsl_xcvr_zgbe_config.o                             240
    gatt_database.o                           200      438      982
    gpio_pins.o                                         21       36
    ifr_radio.o                               572       16        4
    pin_mux.o                                 232
    system_MKW41Z4.o                                     2        4
    wireless_uart.o                         2 572       82      154
    wireless_uart_service.o                    48                 1
    ---------------------------------------------------------------
    Total:                                 37 896    7 191   33 336

command line: [2]
    ---------------------------------------------------------------
    Total:

dl6M_tln.a: [3]
    abort.o                                    10
    exit.o                                      8
    low_level_init.o                            4
    ---------------------------------------------------------------
    Total:                                     22

lib_ble_4-2_host_cm0p.a: [4]
    att.o                                   1 832               260
    att_cb.o                                2 372               368
    device_db.o                             2 112             1 328
    gap.o                                   4 840        4      317
    gap_api2msg.o                           1 104
    gap_cm.o                                  988       30      568
    gap_hci_cb.o                            3 090                12
    gap_sm_cb.o                             1 152
    gatt.o                                     30
    gatt_api2msg.o                            636
    gatt_client.o                           7 136               600
    gatt_db_app.o                             536
    gatt_db_att.o                           3 436
    gatt_db_prepare_write_queue.o             244                 8
    gatt_server.o                           2 576                17
    hci_commands.o                          4 492       25       52
    host_hl_task.o                          1 400
    host_version.o                                      30        4
    l2ca_main.o                               372                 1
    l2ca_resource_manager.o                 1 856               132
    l2ca_signaling.o                        2 824
    sm_core.o                               1 752               144
    sm_crypto.o                             1 132
    sm_debug.o                                 48       13       20
    sm_packet_op.o                          1 276
    sm_states.o                            17 232      188
    sm_states_hci.o                           456
    sm_states_tb.o                            648
    ---------------------------------------------------------------
    Total:                                 65 572      290    3 831

lib_ble_kw41z_controller.a: [5]
    bt_fw_os_al.o                             290
    bt_le_bluetooth.o                         220                45
    hci_td.o                                  544
    hci_td_api.o                               78               140
    lec_hci_br_edr_commands.o                 920
    lec_hci_le.o                              452                64
    lec_hci_le_adv_commands.o                  32
    lec_hci_le_commands.o                   1 424
    lec_hci_le_common_commands.o              624
    lec_hci_le_conn_commands.o              1 292
    lec_hci_le_encryption_commands.o           76
    lec_hci_le_scan_commands.o                 30
    lec_hci_le_utils.o                        170
    lec_hci_le_vendor_commands.o              404
    lec_hci_param_converter.o                 832
    lec_hci_param_validation.o              1 128
    ll.o                                    2 372               822
    ll_advertiser.o                           928                60
    ll_connection.o                        12 112
    ll_isr.o                                   42
    ll_pdu.o                                4 990
    ll_policies.o                           2 708
    ll_scanner.o                              908
    ll_tasks.o                                848               484
    ll_utils.o                              1 074                68
    llf_task.o                                100
    llh_api.o                               4 576                 4
    llh_utils.o                               142
    platform_abs.o                              2                 1
    platform_board_init.o                     434       36       63
    platform_llh_interface.o                  184
    platform_power_save.o                     160                10
    platform_rf_driver.o                      716        3        4
    platform_vendor_cmds.o                  1 364
    ---------------------------------------------------------------
    Total:                                 42 176       39    1 765

lib_crypto_m0.a: [6]
    SW_RNG.o                                   56        3        4
    SW_SHA1.o                                 472
    big_integer.o                             788
    ec_p_256.o                              4 284      128
    ecdh.o                                    214        4
    ---------------------------------------------------------------
    Total:                                  5 814      135        4

m6M_tl.a: [7]
    FltAddSub.o                               278
    FltCmpLe.o                                 38
    FltDiv.o                                  170
    FltMul.o                                  176
    FltToS32.o                                 58
    FltToU32.o                                 38
    I32ToFlt.o                                 54
    roundf.o                                   60
    xfdint.o                                   86
    ---------------------------------------------------------------
    Total:                                    958

rt6M_tl.a: [8]
    ABImemcpy.o                                52
    ABImemset.o                                52
    I32DivModFast.o                           224
    I64DivMod.o                               106
    I64DivZer.o                                 2
    I64Mul.o                                   50
    IntDivZer.o                                 2
    U64Shr.o                                   30
    cexit.o                                    10
    cmain.o                                    26
    cstartup_M.o                               12
    data_init.o                                40
    lz77_init.o                               464
    strlen.o                                   16
    uread4.o                                   22
    uwrite4.o                                  20
    vector_table_M.o                           66
    zero_init3.o                               60
    ---------------------------------------------------------------
    Total:                                  1 254

shb_l.a: [9]
    exit.o                                     20
    ---------------------------------------------------------------
    Total:                                     20

    Gaps                                       46        4        1
    Linker created                                      44    1 024
-------------------------------------------------------------------
    Grand Total:                          153 758    7 703   39 961


*******************************************************************************
*** ENTRY LIST
***

Entry                      Address    Size  Type      Object
-----                      -------    ----  ----      ------
.iar.init_table$$Base   0x00027390           --   Gb  - Linker created -
.iar.init_table$$Limit  0x000273bc           --   Gb  - Linker created -
?main                   0x00027471          Code  Gb  cmain.o [8]
ADC16_BatLvl            0x0000c8d9    0x14  Code  Lc  board.o [1]
ADC16_BgLvl             0x0000c8f5    0x14  Code  Lc  board.o [1]
ADC16_CalibrateParams   0x0000c8b9    0x20  Code  Lc  board.o [1]
ADC16_DoAutoCalibration
                        0x0000f4c5    0xb8  Code  Gb  fsl_adc16.o [1]
ADC16_GetChannelConversionValue
                        0x0000c63b    0x24  Code  Lc  board.o [1]
ADC16_GetChannelStatusFlags
                        0x0000f621    0x2e  Code  Gb  fsl_adc16.o [1]
ADC16_GetDefaultConfig  0x0000f47f    0x3c  Code  Gb  fsl_adc16.o [1]
ADC16_GetInstance       0x0000f38b    0x32  Code  Lc  fsl_adc16.o [1]
ADC16_GetStatusFlags    0x0000f59d    0x20  Code  Gb  fsl_adc16.o [1]
ADC16_Init              0x0000f3bd    0xc2  Code  Gb  fsl_adc16.o [1]
ADC16_ReadValue         0x0000c921    0x4a  Code  Lc  board.o [1]
ADC16_SetChannelConfig  0x0000f5bd    0x56  Code  Gb  fsl_adc16.o [1]
ADC16_SetHardwareAverage
                        0x0000f57d    0x20  Code  Gb  fsl_adc16.o [1]
AES_128_CCM             0x00004eab    0x80  Code  Gb  SecLib.o [1]
AES_128_CMAC            0x00004c71   0x110  Code  Gb  SecLib.o [1]
AES_128_CMAC_Generate_Subkey
                        0x00004f45    0x82  Code  Lc  SecLib.o [1]
AES_128_CMAC_LsbFirstInput
                        0x00004d81   0x12a  Code  Gb  SecLib.o [1]
AES_128_Encrypt         0x00004c4f    0x1c  Code  Gb  SecLib.o [1]
App_AdvertisingCallback
                        0x0000d07d    0x36  Code  Lc  ApplMain.o [1]
App_Connect             0x0000cbe5    0x14  Code  Gb  ApplMain.o [1]
App_ConnectionCallback  0x0000cf65   0x118  Code  Lc  ApplMain.o [1]
App_GattClientProcedureCallback
                        0x0000d1b1    0x3e  Code  Lc  ApplMain.o [1]
App_GattServerCallback  0x0000d135    0x6e  Code  Lc  ApplMain.o [1]
App_GenericCallback     0x0000cf2d    0x38  Code  Lc  ApplMain.o [1]
App_HandleHostMessageInput
                        0x0000ce1b   0x10e  Code  Lc  ApplMain.o [1]
App_KeyboardCallBack    0x0000ce0d     0xe  Code  Lc  ApplMain.o [1]
App_NvmRead             0x0000cd3d    0xa4  Code  Gb  ApplMain.o [1]
App_NvmWrite            0x0000cc8d    0x9c  Code  Gb  ApplMain.o [1]
App_PostCallbackMessage
                        0x0000cc45    0x36  Code  Gb  ApplMain.o [1]
App_RegisterGattClientProcedureCallback
                        0x0000cc35    0x10  Code  Gb  ApplMain.o [1]
App_RegisterGattServerCallback
                        0x0000cc25    0x10  Code  Gb  ApplMain.o [1]
App_ScanningCallback    0x0000d0b3    0x6c  Code  Lc  ApplMain.o [1]
App_StartAdvertising    0x0000cbf9    0x18  Code  Gb  ApplMain.o [1]
App_StartScanning       0x0000cc11    0x14  Code  Gb  ApplMain.o [1]
App_Thread              0x0000cb5f    0x86  Code  Lc  ApplMain.o [1]
AttClient_SendExchangeMtuRequest
                        0x0000ddbd     0xc  Code  Gb  att.o [4]
AttClient_SendExecuteWriteRequest
                        0x0000de4d     0xc  Code  Gb  att.o [4]
AttClient_SendFindByTypeValueRequest
                        0x0000ddd5     0xc  Code  Gb  att.o [4]
AttClient_SendFindInformationRequest
                        0x0000ddc9     0xc  Code  Gb  att.o [4]
AttClient_SendHandleValueConfirmation
                        0x0000de59     0xc  Code  Gb  att.o [4]
AttClient_SendPrepareWriteRequest
                        0x0000de41     0xc  Code  Gb  att.o [4]
AttClient_SendReadBlobRequest
                        0x0000ddf9     0xc  Code  Gb  att.o [4]
AttClient_SendReadByGroupTypeRequest
                        0x0000de11     0xc  Code  Gb  att.o [4]
AttClient_SendReadByTypeRequest
                        0x0000dde1     0xc  Code  Gb  att.o [4]
AttClient_SendReadMultipleRequest
                        0x0000de05     0xc  Code  Gb  att.o [4]
AttClient_SendReadRequest
                        0x0000dded     0xc  Code  Gb  att.o [4]
AttClient_SendSignedWriteCommand
                        0x0000de35     0xc  Code  Gb  att.o [4]
AttClient_SendWriteCommand
                        0x0000de29     0xc  Code  Gb  att.o [4]
AttClient_SendWriteRequest
                        0x0000de1d     0xc  Code  Gb  att.o [4]
AttServer_SendErrorResponse
                        0x0000de65     0xc  Code  Gb  att.o [4]
AttServer_SendExchangeMtuResponse
                        0x0000de71     0xc  Code  Gb  att.o [4]
AttServer_SendExecuteWriteResponse
                        0x0000dee9     0xc  Code  Gb  att.o [4]
AttServer_SendFindByTypeValueResponse
                        0x0000de89     0xc  Code  Gb  att.o [4]
AttServer_SendFindInformationResponse
                        0x0000de7d     0xc  Code  Gb  att.o [4]
AttServer_SendHandleValueIndication
                        0x0000df01     0xc  Code  Gb  att.o [4]
AttServer_SendHandleValueNotification
                        0x0000def5     0xc  Code  Gb  att.o [4]
AttServer_SendPrepareWriteResponse
                        0x0000dedd     0xc  Code  Gb  att.o [4]
AttServer_SendReadBlobResponse
                        0x0000dead     0xc  Code  Gb  att.o [4]
AttServer_SendReadByGroupTypeResponse
                        0x0000dec5     0xc  Code  Gb  att.o [4]
AttServer_SendReadByTypeResponse
                        0x0000de95     0xc  Code  Gb  att.o [4]
AttServer_SendReadMultipleResponse
                        0x0000deb9     0xc  Code  Gb  att.o [4]
AttServer_SendReadResponse
                        0x0000dea1     0xc  Code  Gb  att.o [4]
AttServer_SendWriteResponse
                        0x0000ded1     0xc  Code  Gb  att.o [4]
Att_GetMtu              0x0000dd99    0x20  Code  Gb  att.o [4]
Att_Init                0x0000dd0d    0x10  Code  Gb  att.o [4]
Att_NotifyConnection    0x0000dd1d    0x30  Code  Gb  att.o [4]
Att_NotifyDisconnection
                        0x0000dd4d    0x28  Code  Gb  att.o [4]
Att_RegisterOpcodeCallback
                        0x0001200d    0xec  Code  Gb  att_cb.o [4]
Att_RegisterTimeoutCallback
                        0x00012101     0x8  Code  Gb  att_cb.o [4]
Att_RegisterUnsupportedOpcodeCallback
                        0x000120f9     0x8  Code  Gb  att_cb.o [4]
Att_SetMtu              0x0000dd75    0x24  Code  Gb  att.o [4]
BASE_UUID               0x00018064    0x10  Data  Lc  gatt_db_att.o [4]
BLE_HOST_VERSION        0x0002759c     0xc  Data  Gb  host_version.o [4]
BLE_SignalFromISRCallback
                        0x0000d201     0x2  Code  Lc  ApplMain.o [1]
BLOCK_1_IFR             0x00027560    0x10  Data  Gb  ifr_radio.o [1]
BOARD_BootClockRUN      0x0000eb8b    0x5c  Code  Gb  clock_config.o [1]
BOARD_DCDCInit          0x0000c875     0x2  Code  Gb  board.o [1]
BOARD_GetBatteryLevel   0x0000c7b9    0x4e  Code  Gb  board.o [1]
BOARD_GetLpuartClock    0x0000c9c5    0x3c  Code  Gb  board.o [1]
BOARD_GetMCUUid         0x0000c877    0x3a  Code  Gb  board.o [1]
BOARD_GetTemperature    0x0000c807    0x6a  Code  Gb  board.o [1]
BOARD_GetTpmClock       0x0000ca05    0x3c  Code  Gb  board.o [1]
BOARD_InitAdc           0x0000c78b    0x2e  Code  Gb  board.o [1]
BOARD_InitButtons       0x000129f9    0x1e  Code  Gb  pin_mux.o [1]
BOARD_InitLEDs          0x00012a17    0x48  Code  Gb  pin_mux.o [1]
BOARD_InitLPUART        0x00012a5f    0x2a  Code  Gb  pin_mux.o [1]
BOARD_InitOsc0          0x0000eb6f    0x1c  Code  Gb  clock_config.o [1]
BOARD_RfOscInit         0x0000eaf9    0x76  Code  Gb  clock_config.o [1]
Bas_RecordBatteryMeasurement
                        0x00013805    0x54  Code  Gb  battery_service.o [1]
Bas_SendNotifications   0x00013859    0x3e  Code  Lc  battery_service.o [1]
Bas_Start               0x000137e1    0x10  Code  Gb  battery_service.o [1]
Bas_Subscribe           0x000137f1     0xa  Code  Gb  battery_service.o [1]
Bas_Unsubscribe         0x000137fb     0xa  Code  Gb  battery_service.o [1]
BatteryMeasurementTimerCallback
                        0x000105a1    0x1a  Code  Lc  wireless_uart.o [1]
Bi_Add                  0x0000b1bb    0xae  Code  Gb  big_integer.o [6]
Bi_Compare              0x0000b49d    0x32  Code  Gb  big_integer.o [6]
Bi_Copy                 0x0000b431    0x3e  Code  Gb  big_integer.o [6]
Bi_IsOne                0x0000b393    0x34  Code  Gb  big_integer.o [6]
Bi_IsZero               0x0000b343    0x50  Code  Gb  big_integer.o [6]
Bi_RightShift           0x0000b3c7    0x6a  Code  Gb  big_integer.o [6]
Bi_SetZero              0x0000b46f    0x2e  Code  Gb  big_integer.o [6]
Bi_Sub                  0x0000b269    0xda  Code  Gb  big_integer.o [6]
BleApp_Advertise        0x0000fd15     0xa  Code  Lc  wireless_uart.o [1]
BleApp_AdvertisingCallback
                        0x0000fdcf    0x64  Code  Lc  wireless_uart.o [1]
BleApp_CheckScanEvent   0x0001004f    0x5e  Code  Lc  wireless_uart.o [1]
BleApp_Config           0x0000fcaf    0x66  Code  Lc  wireless_uart.o [1]
BleApp_ConnectionCallback
                        0x0000fe49    0xc6  Code  Lc  wireless_uart.o [1]
BleApp_FlushUartStream  0x00010247   0x2ca  Code  Lc  wireless_uart.o [1]
BleApp_GattClientCallback
                        0x0000ff87    0x42  Code  Lc  wireless_uart.o [1]
BleApp_GattServerCallback
                        0x0000ffc9    0x38  Code  Lc  wireless_uart.o [1]
BleApp_GenericCallback  0x0000fc87    0x28  Code  Gb  wireless_uart.o [1]
BleApp_HandleKeys       0x0000fc41    0x46  Code  Gb  wireless_uart.o [1]
BleApp_Init             0x0000fbe5    0x2e  Code  Gb  wireless_uart.o [1]
BleApp_ReceivedUartStream
                        0x00010511    0x30  Code  Lc  wireless_uart.o [1]
BleApp_ScanningCallback
                        0x0000fd1f    0xb0  Code  Lc  wireless_uart.o [1]
BleApp_SendUartStream   0x000100cb    0x38  Code  Lc  wireless_uart.o [1]
BleApp_ServiceDiscoveryCallback
                        0x0000ff49    0x3e  Code  Lc  wireless_uart.o [1]
BleApp_Start            0x0000fc13    0x2e  Code  Gb  wireless_uart.o [1]
BleApp_StateMachineHandler
                        0x0001010d    0xac  Code  Gb  wireless_uart.o [1]
BleApp_StoreServiceHandles
                        0x000100ad    0x1e  Code  Lc  wireless_uart.o [1]
BleConnManager_GapCentralEvent
                        0x000132ff    0x3a  Code  Gb  ble_conn_manager.o [1]
BleConnManager_GapCommonConfig
                        0x00013339     0x8  Code  Lc  ble_conn_manager.o [1]
BleConnManager_GapDualRoleConfig
                        0x000132b3    0x10  Code  Gb  ble_conn_manager.o [1]
BleConnManager_GapPeripheralEvent
                        0x000132c3    0x3c  Code  Gb  ble_conn_manager.o [1]
BleConnManager_GenericEvent
                        0x0001327d    0x36  Code  Gb  ble_conn_manager.o [1]
BleConnManager_MCUInfoToSmpKeys
                        0x00013341    0xe0  Code  Lc  ble_conn_manager.o [1]
BleServDisc_FindService
                        0x0001343f    0xd8  Code  Gb  ble_service_discovery.o [1]
BleServDisc_Finished    0x00013763    0x28  Code  Lc  ble_service_discovery.o [1]
BleServDisc_NewService  0x0001378b    0x1e  Code  Lc  ble_service_discovery.o [1]
BleServDisc_RegisterCallback
                        0x00013439     0x6  Code  Gb  ble_service_discovery.o [1]
BleServDisc_Reset       0x000136d9    0x8a  Code  Lc  ble_service_discovery.o [1]
BleServDisc_SignalGattClientEvent
                        0x00013549   0x18c  Code  Gb  ble_service_discovery.o [1]
BleServDisc_Stop        0x00013517    0x2c  Code  Gb  ble_service_discovery.o [1]
Ble_HciRecv             0x00007655   0x760  Code  Gb  hci_commands.o [4]
Ble_HostInitialize      0x00010659     0x8  Code  Gb  gap_api2msg.o [4]
Ble_HostTaskInit        0x000147d9    0x5c  Code  Gb  ble_host_tasks.o [1]
Ble_Initialize          0x000105f1    0x68  Code  Gb  ble_init.o [1]
CLOCK_BootToFeeMode     0x0000b07d    0x26  Code  Gb  fsl_clock.o [1]
CLOCK_CONFIG_EnableRtcOsc
                        0x0000eac9    0x30  Code  Lc  clock_config.o [1]
CLOCK_CONFIG_FllStableDelay
                        0x0000ea81    0x12  Code  Lc  clock_config.o [1]
CLOCK_CONFIG_SetRtcClock
                        0x0000ea93    0x36  Code  Lc  clock_config.o [1]
CLOCK_DisableClock      0x0000ea1b    0x12  Code  Lc  clock_config.o [1]
CLOCK_EnableClock       0x0000c629    0x12  Code  Lc  board.o [1]
CLOCK_EnableClock       0x0000ea09    0x12  Code  Lc  clock_config.o [1]
CLOCK_EnableClock       0x0000f379    0x12  Code  Lc  fsl_adc16.o [1]
CLOCK_EnableClock       0x0001ab49    0x12  Code  Lc  fsl_lpuart.o [1]
CLOCK_EnableClock       0x00007e65    0x12  Code  Lc  fsl_ltc.o [1]
CLOCK_EnableClock       0x0000e455    0x12  Code  Lc  fsl_tpm.o [1]
CLOCK_EnableClock       0x00008e65    0x12  Code  Lc  fsl_trng.o [1]
CLOCK_EnableClock       0x000129c5    0x12  Code  Lc  pin_mux.o [1]
CLOCK_GetBusClkFreq     0x0000ad33    0x2c  Code  Gb  fsl_clock.o [1]
CLOCK_GetFllExtRefClkFreq
                        0x0000ac3f    0x6e  Code  Lc  fsl_clock.o [1]
CLOCK_GetFllFreq        0x0000ade5    0x4c  Code  Gb  fsl_clock.o [1]
CLOCK_GetFllFreq::fllFactorTable
                        0x00027540    0x10  Data  Lc  fsl_clock.o [1]
CLOCK_GetFllRefClkFreq  0x0000acd1    0x1e  Code  Lc  fsl_clock.o [1]
CLOCK_GetInternalRefClkFreq
                        0x0000ae31    0x14  Code  Gb  fsl_clock.o [1]
CLOCK_GetInternalRefClkSelectFreq
                        0x0000acad    0x24  Code  Lc  fsl_clock.o [1]
CLOCK_GetMcgExtClkFreq  0x0000abe1    0x5e  Code  Lc  fsl_clock.o [1]
CLOCK_GetOsc0ErClkFreq  0x0000ad13    0x20  Code  Gb  fsl_clock.o [1]
CLOCK_GetOscRangeFromFreq
                        0x0000acef    0x24  Code  Lc  fsl_clock.o [1]
CLOCK_GetOutClkFreq     0x0000ad9d    0x3a  Code  Gb  fsl_clock.o [1]
CLOCK_InitOsc0          0x0000af59    0x32  Code  Gb  fsl_clock.o [1]
CLOCK_SetEr32kClock     0x0000abc9    0x18  Code  Lc  fsl_clock.o [1]
CLOCK_SetExternalRefClkConfig
                        0x0000ae51    0x4e  Code  Gb  fsl_clock.o [1]
CLOCK_SetFeeMode        0x0000afad    0xba  Code  Gb  fsl_clock.o [1]
CLOCK_SetInternalRefClkConfig
                        0x0000aea5    0xb0  Code  Gb  fsl_clock.o [1]
CLOCK_SetLpuartClock    0x0000ea2d    0x18  Code  Lc  clock_config.o [1]
CLOCK_SetSimConfig      0x0000ad7d    0x12  Code  Gb  fsl_clock.o [1]
CLOCK_SetSimSafeDivs    0x0000ea5d     0xa  Code  Lc  clock_config.o [1]
CLOCK_SetTpmClock       0x0000ea45    0x18  Code  Lc  clock_config.o [1]
CLOCK_SetXtal0Freq      0x0000ea67     0x6  Code  Lc  clock_config.o [1]
CLOCK_SetXtal32Freq     0x0000ea6d     0x6  Code  Lc  clock_config.o [1]
CSTACK$$Base            0x20017c00           --   Gb  - Linker created -
CSTACK$$Limit           0x20018000           --   Gb  - Linker created -
ControllerTask          0x00014645     0xc  Code  Lc  ble_controller_task.o [1]
Controller_Init         0x000146fd    0x3e  Code  Gb  bt_le_bluetooth.o [5]
Controller_InterruptHandler
                        0x0002731d    0x26  Code  Gb  ll_isr.o [5]
Controller_MeshFilterPackets
                        0x00014791    0x42  Code  Gb  bt_le_bluetooth.o [5]
Controller_MeshFilterQueueInit
                        0x0001476d    0x1c  Code  Lc  bt_le_bluetooth.o [5]
Controller_SendSingleAdvertisement
                        0x00014743     0xe  Code  Gb  bt_le_bluetooth.o [5]
Controller_SetTxPowerLevel
                        0x00014751    0x18  Code  Gb  bt_le_bluetooth.o [5]
Controller_TaskHandler  0x00019665    0x64  Code  Gb  llf_task.o [5]
Controller_TaskInit     0x00014651    0x84  Code  Gb  ble_controller_task.o [1]
Cu8_hci_le_supported_commands_array
                        0x0002157c    0x20  Data  Gb  lec_hci_le_common_commands.o [5]
DCDC_AdjustVbatDiv4     0x0000c975    0x1c  Code  Lc  board.o [1]
DCOC_DAC_INIT_Cal       0x0001905d   0x5e8  Code  Gb  fsl_xcvr_trim.o [1]
DbgConsole_ConvertRadixNumToString
                        0x0000e6f5    0xc8  Code  Lc  fsl_debug_console.o [1]
DbgConsole_Printf       0x0000e675    0x30  Code  Gb  fsl_debug_console.o [1]
DbgConsole_PrintfFormattedData
                        0x0000e7bd   0x24a  Code  Lc  fsl_debug_console.o [1]
DbgConsole_PrintfPaddingCharacter
                        0x0000e6d1    0x24  Code  Lc  fsl_debug_console.o [1]
DbgConsole_Putchar      0x0000e6a5    0x22  Code  Gb  fsl_debug_console.o [1]
DevDb_AddConnection     0x00009949    0x90  Code  Gb  device_db.o [4]
DevDb_CheckIfBondedDeviceAddressIsStatic
                        0x00009dd9    0x44  Code  Gb  device_db.o [4]
DevDb_CheckIfBondedDeviceHasDistributedIrk
                        0x00009e21    0x34  Code  Gb  device_db.o [4]
DevDb_CheckIfBondedDeviceIsActive
                        0x00009f43    0x48  Code  Gb  device_db.o [4]
DevDb_GetBondedDeviceAddress
                        0x00009e55    0x24  Code  Gb  device_db.o [4]
DevDb_GetBondedDeviceCsrk
                        0x00009eb5    0x52  Code  Gb  device_db.o [4]
DevDb_GetBondedDeviceIrk
                        0x00009e81    0x2c  Code  Gb  device_db.o [4]
DevDb_GetBondedDeviceSignCounter
                        0x00009f0d    0x36  Code  Gb  device_db.o [4]
DevDb_GetCccd           0x00009add    0x3e  Code  Gb  device_db.o [4]
DevDb_GetDeviceId       0x00009a01    0x20  Code  Gb  device_db.o [4]
DevDb_GetNbBondedDevices
                        0x00009a79     0x6  Code  Gb  device_db.o [4]
DevDb_Init              0x000098d5    0x74  Code  Gb  device_db.o [4]
DevDb_LoadBondingInformation
                        0x00009b29    0x82  Code  Gb  device_db.o [4]
DevDb_LoadMostRecentlyUsedDeviceAddressAndType
                        0x00009fdd    0x38  Code  Gb  device_db.o [4]
DevDb_LoadPublicDeviceAddress
                        0x00009fc1    0x14  Code  Gb  device_db.o [4]
DevDb_MarkDeviceAsBonded
                        0x00009a21    0x58  Code  Gb  device_db.o [4]
DevDb_ReleaseConnection
                        0x000099d9    0x28  Code  Gb  device_db.o [4]
DevDb_SaveCccd          0x00009a7f    0x5e  Code  Gb  device_db.o [4]
DevDb_SaveKeys          0x00009cdd    0xf4  Code  Gb  device_db.o [4]
DevDb_SaveLocalPublicAddress
                        0x00009f91    0x14  Code  Gb  device_db.o [4]
DevDb_SaveMostRecentlyUsedAddressType
                        0x00009fa5     0x8  Code  Gb  device_db.o [4]
DevDb_SaveMostRecentlyUsedRandomAddress
                        0x00009fad    0x14  Code  Gb  device_db.o [4]
DevDb_SetOwnSignCounter
                        0x0000a015    0x3c  Code  Gb  device_db.o [4]
DevDb_SetPeerSignCounter
                        0x0000a055    0x3c  Code  Gb  device_db.o [4]
DevDb_SignalDevicePaired
                        0x00009bb9    0x6c  Code  Gb  device_db.o [4]
DevDb_SignalDevicePairedAndBonded
                        0x00009c2d    0xa6  Code  Gb  device_db.o [4]
DisableGlobalIRQ        0x0000c58d     0x8  Code  Lc  fsl_common.o [1]
ECDH_P256_ComputeDhKey  0x000051f5    0x4c  Code  Gb  SecLib.o [1]
ECDH_P256_GenerateKeys  0x000051b3    0x42  Code  Gb  SecLib.o [1]
EcP256_FieldInv         0x0000b797   0x138  Code  Gb  ec_p_256.o [6]
EcP256_FieldModP        0x0000b595   0x202  Code  Gb  ec_p_256.o [6]
EcP256_FieldMult        0x0000b4d1    0xc4  Code  Gb  ec_p_256.o [6]
EcP256_PointMult        0x0000b8d9    0xea  Code  Gb  ec_p_256.o [6]
Ecdh_ComputeDhKey       0x00008e1d    0x46  Code  Gb  ecdh.o [6]
Ecdh_GenerateNewKeys    0x00008d8d    0x80  Code  Gb  ecdh.o [6]
EnableGlobalIRQ         0x0000c595     0x6  Code  Lc  fsl_common.o [1]
EnableHostPrivacyTimer  0x00011f5f    0x4a  Code  Lc  gap.o [4]
EnableIRQ               0x0000526f    0x18  Code  Lc  RNG.o [1]
FLib_MemCmp             0x00004c11    0x24  Code  Gb  FunctionLib.o [1]
FLib_MemCpy             0x00004be1    0x14  Code  Gb  FunctionLib.o [1]
FLib_MemCpyReverseOrder
                        0x00004bf5    0x1c  Code  Gb  FunctionLib.o [1]
FLib_MemSet             0x00004c35     0xe  Code  Gb  FunctionLib.o [1]
FREESCALE_PROD_DATA_BASE_ADDR {Abs}
                        0x0007f800          Data  Gb  command line/config [2]
FWK_VERSION             0x00027590     0xc  Data  Gb  ModuleInfo.o [1]
GPIO_ClearPinsOutput    0x0000ee1b     0x4  Code  Lc  GPIO_Adapter.o [1]
GPIO_PinInit            0x00012979    0x42  Code  Gb  fsl_gpio.o [1]
GPIO_ReadPinInput       0x0000ee23     0xc  Code  Lc  GPIO_Adapter.o [1]
GPIO_SetPinsOutput      0x0000ee17     0x4  Code  Lc  GPIO_Adapter.o [1]
GPIO_TogglePinsOutput   0x0000ee1f     0x4  Code  Lc  GPIO_Adapter.o [1]
GPIO_WritePinOutput     0x00012961    0x18  Code  Lc  fsl_gpio.o [1]
Gap_CheckNotificationStatus
                        0x0001086b     0x8  Code  Gb  gap_api2msg.o [4]
Gap_Connect             0x00010959    0x48  Code  Gb  gap_api2msg.o [4]
Gap_Disconnect          0x000109a1    0x34  Code  Gb  gap_api2msg.o [4]
Gap_EnableUpdateConnectionParameters
                        0x00010a0d    0x50  Code  Gb  gap_api2msg.o [4]
Gap_ReadPublicDeviceAddress
                        0x000109d5    0x2e  Code  Gb  gap_api2msg.o [4]
Gap_RejectPairing       0x00010881    0x54  Code  Gb  gap_api2msg.o [4]
Gap_SetAdvertisingData  0x000106a5   0x18e  Code  Gb  gap_api2msg.o [4]
Gap_SetAdvertisingParameters
                        0x00010661    0x44  Code  Gb  gap_api2msg.o [4]
Gap_StartAdvertising    0x00010833    0x38  Code  Gb  gap_api2msg.o [4]
Gap_StartScanning       0x000108dd    0x4e  Code  Gb  gap_api2msg.o [4]
Gap_StopScanning        0x0001092b    0x2e  Code  Gb  gap_api2msg.o [4]
GattClient_DiscoverAllCharacteristicDescriptors
                        0x00010bb9    0x5a  Code  Gb  gatt_api2msg.o [4]
GattClient_DiscoverAllCharacteristicsOfService
                        0x00010b6b    0x4e  Code  Gb  gatt_api2msg.o [4]
GattClient_DiscoverPrimaryServicesByUuid
                        0x00010aff    0x6c  Code  Gb  gatt_api2msg.o [4]
GattClient_ExchangeMtu  0x00010acb    0x34  Code  Gb  gatt_api2msg.o [4]
GattClient_RegisterProcedureCallback
                        0x00010ac1     0xa  Code  Gb  gatt_api2msg.o [4]
GattClient_WriteCharacteristicValue
                        0x00010c1d    0x92  Code  Gb  gatt_api2msg.o [4]
GattDb_AttExecuteWrite  0x00017c21    0x30  Code  Gb  gatt_db_att.o [4]
GattDb_AttExecuteWriteFromQueue
                        0x00017c51    0x8c  Code  Gb  gatt_db_att.o [4]
GattDb_AttFindByTypeValue
                        0x0001742d    0xf0  Code  Gb  gatt_db_att.o [4]
GattDb_AttFindInformation
                        0x00017309   0x124  Code  Gb  gatt_db_att.o [4]
GattDb_AttPrepareNotificationIndication
                        0x00017cdd    0x7e  Code  Gb  gatt_db_att.o [4]
GattDb_AttPrepareWrite  0x00017ba1    0x80  Code  Gb  gatt_db_att.o [4]
GattDb_AttRead          0x000176b5    0x7c  Code  Gb  gatt_db_att.o [4]
GattDb_AttReadBlob      0x00017739    0x9e  Code  Gb  gatt_db_att.o [4]
GattDb_AttReadByGroupType
                        0x000178ad   0x1d4  Code  Gb  gatt_db_att.o [4]
GattDb_AttReadByType    0x00017525   0x190  Code  Gb  gatt_db_att.o [4]
GattDb_AttReadMultiple  0x000177dd    0xcc  Code  Gb  gatt_db_att.o [4]
GattDb_AttSignedWriteCommand
                        0x00017b57    0x42  Code  Gb  gatt_db_att.o [4]
GattDb_AttWrite         0x00017a85    0x74  Code  Gb  gatt_db_att.o [4]
GattDb_AttWriteCommand  0x00017af9    0x5e  Code  Gb  gatt_db_att.o [4]
GattDb_FindCccdHandleForCharValueHandle
                        0x00018515    0x56  Code  Gb  gatt_db_app.o [4]
GattDb_FindCharValueHandleInService
                        0x00018423    0xe2  Code  Gb  gatt_db_app.o [4]
GattDb_GetIndexOfHandle
                        0x00016eb5    0x58  Code  Gb  gatt_database.o [1]
GattDb_GetServiceHandleForAttributeIndex
                        0x0001801d    0x38  Code  Gb  gatt_db_att.o [4]
GattDb_Init             0x00016e65    0x50  Code  Gb  gatt_database.o [1]
GattDb_Init::mAlreadyInit
                        0x20009800     0x1  Data  Lc  gatt_database.o [1]
GattDb_WriteAttribute   0x000183b9    0x6a  Code  Gb  gatt_db_app.o [4]
GattServer_RegisterCallback
                        0x00010caf     0xa  Code  Gb  gatt_api2msg.o [4]
GattServer_RegisterHandlesForWriteNotifications
                        0x00010cb9    0x24  Code  Gb  gatt_api2msg.o [4]
GattServer_SendNotification
                        0x00010ce1    0x38  Code  Gb  gatt_api2msg.o [4]
Gatt_GetMtu             0x00010ab1    0x10  Code  Gb  gatt_api2msg.o [4]
Gatt_Init               0x00010aa9     0x8  Code  Gb  gatt_api2msg.o [4]
GpioClearPinIntFlag     0x0000eec7    0x1a  Code  Gb  GPIO_Adapter.o [1]
GpioClearPinOutput      0x0000ef27    0x1a  Code  Gb  GPIO_Adapter.o [1]
GpioInputPinInit        0x0000ef89    0xb6  Code  Gb  GPIO_Adapter.o [1]
GpioInstallIsr          0x0000f0f9   0x1ba  Code  Gb  GPIO_Adapter.o [1]
GpioIsPinIntPending     0x0000eee5    0x20  Code  Gb  GPIO_Adapter.o [1]
GpioOutputPinInit       0x0000f045    0xae  Code  Gb  GPIO_Adapter.o [1]
[...]
mWus_SubscribedClientId
                        0x20009813     0x1  Data  Lc  wireless_uart_service.o [1]
mXtalTrimDefault        0x0000b0a3     0x1  Data  Lc  board.o [1]
maBleDeviceAddress      0x200096f4     0x8  Data  Lc  ble_conn_manager.o [1]
maBondDataBlobs         0x20006b88   0x6c0  Data  Lc  ApplMain.o [1]
maGpioBases             0x00027608     0xc  Data  Lc  GPIO_Adapter.o [1]
maPortBases             0x000275fc     0xc  Data  Lc  GPIO_Adapter.o [1]
maPortIrqId             0x200005f4     0x4  Data  Lc  GPIO_Adapter.o [1]
maServDiscInfo          0x200095c4    0x14  Data  Gb  ble_service_discovery.o [1]
maServiceSecurityRequirements
                        0x20009510    0x14  Data  Lc  gap.o [4]
maTmrTimerStatusTable   0x20009698     0xc  Data  Lc  TimersManager.o [1]
maTmrTimerTable         0x200086f0   0x120  Data  Lc  TimersManager.o [1]
main                    0x000096db    0x1e  Code  Gb  fsl_os_abstraction_bm.o [1]
main_task               0x0000ca7d    0xe2  Code  Gb  ApplMain.o [1]
mapTable                0x0002594c   0x400  Data  Gb  fsl_xcvr.o [1]
mcBondedDevices         0x20009584     0x1  Data  Lc  device_db.o [4]
mcgConfig_BOARD_BootClockRUN
                        0x00027650     0x8  Data  Gb  clock_config.o [1]
measurement_tbl2        0x20008eb4    0xc8  Data  Lc  fsl_xcvr_trim.o [1]
memHeap                 0x20000648  0x6540  Data  Gb  MemManager.o [1]
memPools                0x20009374    0x50  Data  Gb  MemManager.o [1]
mfLedInSerialMode       0x20009803     0x1  Data  Lc  LED.o [1]
mode_configs_dr_1mbps   0x20000248    0x28  Data  Gb  fsl_xcvr.o [1]
mode_configs_dr_250kbps
                        0x20000298    0x28  Data  Gb  fsl_xcvr.o [1]
mode_configs_dr_500kbps
                        0x20000270    0x28  Data  Gb  fsl_xcvr.o [1]
mpAutoConnectParams     0x20009714     0x4  Data  Gb  gap.o [4]
mpfKeyFunction          0x200097a4     0x4  Data  Lc  Keyboard.o [1]
msk_mode_config         0x00026f04    0x48  Data  Gb  fsl_xcvr_msk_config.o [1]
numberOfActiveTimers    0x20009808     0x1  Data  Lc  TimersManager.o [1]
numberOfLowPowerActiveTimers
                        0x20009809     0x1  Data  Lc  TimersManager.o [1]
nvmIsEntryOccupied      0x0000a0b5    0x14  Code  Lc  device_db.o [4]
nvmLoad                 0x0000a0e3    0x16  Code  Lc  device_db.o [4]
nvmSave                 0x0000a0cd    0x16  Code  Lc  device_db.o [4]
osEventHeap             0x20009174    0x8c  Data  Gb  fsl_os_abstraction_bm.o [1]
osEventInfo             0x000275d8     0xc  Data  Gb  fsl_os_abstraction_bm.o [1]
osObjectAlloc           0x000096f9    0x2a  Code  Lc  fsl_os_abstraction_bm.o [1]
osObjectIsAllocated     0x00009723    0x2c  Code  Lc  fsl_os_abstraction_bm.o [1]
os_thread_def_ControllerTask
                        0x20000330    0x20  Data  Gb  ble_controller_task.o [1]
os_thread_def_Host_Task
                        0x20000350    0x20  Data  Gb  ble_host_tasks.o [1]
os_thread_def_SerialManagerTask
                        0x20000390    0x20  Data  Gb  SerialManager.o [1]
os_thread_def_TMR_Task  0x200003b0    0x20  Data  Gb  TimersManager.o [1]
os_thread_def_main_task
                        0x20000370    0x20  Data  Gb  fsl_os_abstraction_bm.o [1]
pLpuartStates           0x200097c0     0x4  Data  Lc  UART_Adapter.o [1]
p_taskListHead          0x20009778     0x4  Data  Lc  fsl_os_abstraction_bm.o [1]
panic                   0x0000abc5     0x2  Code  Gb  Panic.o [1]
pfAdvCallback           0x2000972c     0x4  Data  Lc  ApplMain.o [1]
pfBLE_SignalFromISR     0x200097cc     0x4  Data  Gb  platform_board_init.o [5]
pfConnCallback          0x20009734     0x4  Data  Lc  ApplMain.o [1]
pfGattClientIndCallback
                        0x20009744     0x4  Data  Lc  ApplMain.o [1]
pfGattClientNotifCallback
                        0x20009740     0x4  Data  Lc  ApplMain.o [1]
pfGattClientProcCallback
                        0x2000973c     0x4  Data  Lc  ApplMain.o [1]
pfGattServerCallback    0x20009738     0x4  Data  Lc  ApplMain.o [1]
pfGenericCallback       0x20009728     0x4  Data  Lc  ApplMain.o [1]
pfHCI_SendToHostCallback
                        0x200097d0     0x4  Data  Gb  bt_le_bluetooth.o [5]
pfL2caLeCbControlCallback
                        0x2000974c     0x4  Data  Lc  ApplMain.o [1]
pfL2caLeCbDataCallback  0x20009748     0x4  Data  Lc  ApplMain.o [1]
pfScanCallback          0x20009730     0x4  Data  Lc  ApplMain.o [1]
pfServDiscCallback      0x20009760     0x4  Data  Lc  ble_service_discovery.o [1]
pf_get_lfsr_random_number
                        0x0001bb31    0x2c  Code  Gb  ll_utils.o [5]
pf_handle_power_save_exit
                        0x0001b67f    0x26  Code  Gb  platform_power_save.o [5]
pf_init_abs_layer       0x000196c9     0x2  Code  Gb  platform_abs.o [5]
pf_le_start_timer       0x0001a1cb    0x16  Code  Gb  ll.o [5]
pf_le_stop_timer        0x0001a1e1    0x14  Code  Gb  ll.o [5]
pf_mws_coex_mgr         0x200096ac     0x4  Data  Gb  bt_le_bluetooth.o [5]
pf_mws_mgr              0x200096a4     0x8  Data  Gb  bt_le_bluetooth.o [5]
pf_power_mgr            0x200096e0     0x8  Data  Gb  platform_power_save.o [5]
pf_power_mgr_init       0x0001b6e9    0x12  Code  Gb  platform_power_save.o [5]
pf_read_platform_reg    0x00023c8f     0x8  Code  Gb  platform_vendor_cmds.o [5]
pf_write_platform_reg   0x00023c97     0xe  Code  Gb  platform_vendor_cmds.o [5]
pfd_convert_vendor_command_params
                        0x00023aad    0x6e  Code  Gb  platform_vendor_cmds.o [5]
pfd_delay               0x000197d1    0x22  Code  Gb  platform_board_init.o [5]
pfd_exit_dsm            0x00019875     0x2  Code  Gb  platform_board_init.o [5]
pfd_exit_power_save_mode
                        0x0001b6a5    0x44  Code  Gb  platform_power_save.o [5]
pfd_get_initial_rng_seed
                        0x000197f3     0x4  Code  Gb  platform_board_init.o [5]
pfd_get_local_sca       0x0001b669     0xa  Code  Gb  platform_power_save.o [5]
pfd_get_rng_seed        0x000197f7     0x8  Code  Gb  platform_board_init.o [5]
pfd_handle_vendor_commands
                        0x00023b1b    0xa4  Code  Gb  platform_vendor_cmds.o [5]
pfd_init                0x000196cd    0xb6  Code  Gb  platform_board_init.o [5]
pfd_isr_exit_power_save_mode
                        0x0001b673     0xc  Code  Gb  platform_power_save.o [5]
pfd_llh_reset           0x00019801     0xc  Code  Gb  platform_board_init.o [5]
pfd_llh_restore_lp_mode
                        0x00019825    0x24  Code  Gb  platform_board_init.o [5]
pfd_llh_store_lp_mode   0x0001980d    0x18  Code  Gb  platform_board_init.o [5]
pfd_read_llh_fifo       0x0001b9e5    0x2e  Code  Gb  platform_llh_interface.o [5]
pfd_read_llh_register   0x0001b9d5     0x8  Code  Gb  platform_llh_interface.o [5]
pfd_rf_gen_interface    0x0001b709    0x68  Code  Gb  platform_rf_driver.o [5]
pfd_rf_get_abs_rssi_in_dbm
                        0x0001b885     0x4  Code  Gb  platform_rf_driver.o [5]
pfd_rf_get_tx_power     0x0001b89d     0xc  Code  Gb  platform_rf_driver.o [5]
pfd_rf_get_tx_power_in_dbm
                        0x0001b88d    0x10  Code  Gb  platform_rf_driver.o [5]
pfd_rf_init             0x0001b81b    0x38  Code  Gb  platform_rf_driver.o [5]
pfd_rf_read_reg         0x0001b7ab    0x32  Code  Gb  platform_rf_driver.o [5]
pfd_rf_read_rssi_val    0x0001b8a9     0xa  Code  Gb  platform_rf_driver.o [5]
pfd_rf_reset            0x0001b853    0x32  Code  Gb  platform_rf_driver.o [5]
pfd_rf_write_reg        0x0001b771    0x3a  Code  Gb  platform_rf_driver.o [5]
pfd_set_local_sca       0x00023eff    0x16  Code  Gb  platform_vendor_cmds.o [5]
pfd_set_random_address_notification
                        0x000197ff     0x2  Code  Gb  platform_board_init.o [5]
pfd_set_rf_power_level  0x00019783    0x4e  Code  Gb  platform_board_init.o [5]
pfd_write_llh_fifo      0x0001ba13    0x3a  Code  Gb  platform_llh_interface.o [5]
pfd_write_llh_memory    0x0001ba51    0x3c  Code  Gb  platform_llh_interface.o [5]
pfd_write_llh_register  0x0001b9dd     0x8  Code  Gb  platform_llh_interface.o [5]
phy_interface_init      0x0001b7dd    0x3e  Code  Lc  platform_rf_driver.o [5]
platformInitialized     0x200097fc     0x1  Data  Lc  ApplMain.o [1]
poolInfo                0x200002c0    0x28  Data  Gb  MemManager.o [1]
prepWrQueues            0x20009724     0x4  Data  Gb  gatt_db_prepare_write_queue.o [4]
pressedKey              0x20009802     0x1  Data  Lc  Keyboard.o [1]
previousTimeInTicks     0x200097f6     0x2  Data  Lc  TimersManager.o [1]
privacyTimeout          0x00011fad    0x36  Code  Lc  gap.o [4]
queueIndexes            0x20009721     0x1  Data  Gb  gatt_db_prepare_write_queue.o [4]
readAttributeValue      0x00014d5f    0x7c  Code  Lc  gatt_client.o [4]
readByGroupTypeUuidsMatch
                        0x00017edd     0x2  Code  Lc  gatt_db_att.o [4]
readByTypeUuidsMatch    0x00017ed9     0x4  Code  Lc  gatt_db_att.o [4]
readCccdFlag            0x00011e3d    0x24  Code  Lc  gap.o [4]
readPartAttributeValue  0x00017fa3    0x74  Code  Lc  gatt_db_att.o [4]
read_another_ifr_word   0x000185df    0x1a  Code  Gb  ifr_radio.o [1]
read_first_ifr_word     0x000185d1     0xe  Code  Gb  ifr_radio.o [1]
read_resource_ifr       0x000185f9    0xa0  Code  Gb  ifr_radio.o [1]
resetActiveDeviceSlot   0x0000a091    0x20  Code  Lc  device_db.o [4]
rf_param_hardcoded      0x0001b8d4   0x100  Data  Gb  platform_rf_driver.o [5]
rf_param_specific       0x2000061c     0x4  Data  Gb  platform_rf_driver.o [5]
roundf                  0x0001b2b5    0x3c  Code  Gb  roundf.o [7]
rx_bba_dcoc_dac_trim_DCest
                        0x000189b9   0x630  Code  Gb  fsl_xcvr_trim.o [1]
rx_dc_est_average       0x00018881   0x11a  Code  Gb  fsl_xcvr_trim.o [1]
rx_dc_est_average::dc_meas_i
                        0x200096ea     0x2  Data  Lc  fsl_xcvr_trim.o [1]
rx_dc_est_average::dc_meas_q
                        0x200097e8     0x2  Data  Lc  fsl_xcvr_trim.o [1]
rx_dc_est_average::dc_temp
                        0x2000978c     0x4  Data  Lc  fsl_xcvr_trim.o [1]
rx_dc_est_average::temp
                        0x20009790     0x4  Data  Lc  fsl_xcvr_trim.o [1]
s_PanicFunctionPtr      0x20009780     0x4  Data  Lc  fsl_xcvr.o [1]
s_adc16Bases            0x00027684     0x4  Data  Lc  fsl_adc16.o [1]
s_adc16Clocks           0x00027688     0x4  Data  Lc  fsl_adc16.o [1]
s_debugConsole          0x200095ec    0x10  Data  Lc  fsl_debug_console.o [1]
s_fastIrcFreq           0x200005e8     0x4  Data  Lc  fsl_clock.o [1]
s_lpuartBases           0x0002768c     0x4  Data  Lc  fsl_lpuart.o [1]
s_lpuartClock           0x00027690     0x4  Data  Lc  fsl_lpuart.o [1]
s_slowIrcFreq           0x200005e4     0x4  Data  Lc  fsl_clock.o [1]
s_tpmBases              0x000275e4     0xc  Data  Lc  fsl_tpm.o [1]
s_tpmClocks             0x000275f0     0xc  Data  Lc  fsl_tpm.o [1]
s_trngBases             0x00027694     0x4  Data  Lc  fsl_trng.o [1]
s_trngClock             0x00027698     0x4  Data  Lc  fsl_trng.o [1]
saveCentralAddressResolution
                        0x000163f1    0x42  Code  Lc  gatt_client.o [4]
saved_deep_sleep_mode   0x20000622     0x1  Data  Lc  platform_board_init.o [5]
service_battery_valueArray
                        0x20000634     0x2  Data  Gb  gatt_database.o [1]
service_device_info_valueArray
                        0x20000636     0x2  Data  Gb  gatt_database.o [1]
service_gap_valueArray  0x20000632     0x2  Data  Gb  gatt_database.o [1]
service_gatt_valueArray
                        0x20000630     0x2  Data  Gb  gatt_database.o [1]
service_wireless_uart_valueArray
                        0x200095fc    0x10  Data  Gb  gatt_database.o [1]
setAdvDataStruct        0x200094d0    0x20  Data  Lc  ll_advertiser.o [5]
setAdvParamStruct       0x200094f0    0x10  Data  Lc  ll_advertiser.o [5]
simConfig_BOARD_BootClockRUN
                        0x00027658     0x8  Data  Gb  clock_config.o [1]
singleAdvCompleteCallback
                        0x200096dc     0x4  Data  Gb  ll_advertiser.o [5]
smCallback              0x000235c1   0x394  Code  Gb  gap_sm_cb.o [4]
smCoreStruct            0x200090e4    0x90  Data  Gb  sm_core.o [4]
smDebugLogCircularBuffer
                        0x200004ac    0x10  Data  Lc  sm_debug.o [4]
smStateTable            0x00026178    0x78  Data  Lc  sm_states.o [4]
smpCsrk                 0x200004f0    0x10  Data  Lc  app_config.o [1]
smpIrk                  0x200004e0    0x10  Data  Lc  app_config.o [1]
smpLeLegacyIoCapToPairingMethodTable
                        0x000261f0    0x1c  Data  Lc  sm_states.o [4]
smpLeScIoCapToPairingMethodTable
                        0x0002620c    0x1c  Data  Lc  sm_states.o [4]
smpLtk                  0x200004d0    0x10  Data  Lc  app_config.o [1]
smpPacketTypeLengthTable
                        0x00006800    0x10  Data  Lc  sm_packet_op.o [4]
smpRand                 0x20000564     0x8  Data  Lc  app_config.o [1]
startAdvStruct          0x200096d8     0x4  Data  Lc  ll_advertiser.o [5]
static_gattDatabase     0x20000000   0x1e0  Data  Gb  gatt_database.o [1]
store_sw_trim           0x00018699    0x40  Code  Gb  ifr_radio.o [1]
strlen                  0x00012951    0x10  Code  Gb  strlen.o [8]
sw_sha1_hash_n          0x00008a73   0x19e  Code  Gb  SW_SHA1.o [6]
sw_sha1_initialize_output
                        0x00008a5d    0x16  Code  Gb  SW_SHA1.o [6]
swap_bytes              0x0000861f    0x1c  Code  Lc  fsl_ltc.o [1]
sweep_step_values2      0x00027454    0x1c  Data  Lc  fsl_xcvr_trim.o [1]
switchPins              0x200005dc     0x8  Data  Gb  gpio_pins.o [1]
task_init               0x000094cd    0x36  Code  Gb  fsl_os_abstraction_bm.o [1]
terminatePairing        0x00011ebf    0x2c  Code  Lc  gap.o [4]
timerHardwareIsRunning  0x2000980a     0x1  Data  Lc  TimersManager.o [1]
trng_ApplyUserConfig    0x000091dd   0x124  Code  Lc  fsl_trng.o [1]
trng_GetInstance        0x00008e77    0x32  Code  Lc  fsl_trng.o [1]
trng_ReadEntropy        0x00009319    0x1c  Code  Lc  fsl_trng.o [1]
trng_SetRetryCount      0x00008f33    0x30  Code  Lc  fsl_trng.o [1]
trng_SetStatisticalCheckLimit
                        0x00008f81   0x250  Code  Lc  fsl_trng.o [1]
tx_rx_on_delay          0x2000062c     0x2  Data  Gb  fsl_xcvr.o [1]
tx_rx_synth_delay       0x2000062e     0x2  Data  Gb  fsl_xcvr.o [1]
uuid16BitTo128Bit       0x00017f4d    0x18  Code  Lc  gatt_db_att.o [4]
uuid_service_wireless_uart
                        0x20000500    0x10  Data  Gb  gatt_database.o [1]
uuid_uart_stream        0x20000510    0x10  Data  Gb  gatt_database.o [1]
validateAttWriteParams  0x00016dfd    0x4e  Code  Lc  gatt_server.o [4]
value_appearance_valueArray
                        0x200097ec     0x2  Data  Gb  gatt_database.o [1]
value_battery_level_valueArray
                        0x2000063e     0x1  Data  Gb  gatt_database.o [1]
value_device_name_valueArray
                        0x20000520    0x10  Data  Gb  gatt_database.o [1]
value_fw_rev_valueArray
                        0x200005c4     0x8  Data  Gb  gatt_database.o [1]
value_hw_rev_valueArray
                        0x2000053c     0xc  Data  Gb  gatt_database.o [1]
value_manuf_name_valueArray
                        0x200005ec     0x4  Data  Gb  gatt_database.o [1]
value_model_no_valueArray
                        0x20000434    0x14  Data  Gb  gatt_database.o [1]
value_serial_no_valueArray
                        0x200005ac     0x8  Data  Gb  gatt_database.o [1]
value_service_changed_valueArray
                        0x20009794     0x4  Data  Gb  gatt_database.o [1]
value_sw_rev_valueArray
                        0x200005d4     0x8  Data  Gb  gatt_database.o [1]
value_uart_stream_valueArray
                        0x20008c08    0xf4  Data  Gb  gatt_database.o [1]
verifySignature         0x0001724d    0xa4  Code  Lc  gap_cm.o [4]
verifySignature{1}{3}::aData
                        0x20008810    0xf0  Data  Lc  gap_cm.o [4]
verifySignature{1}{3}::params
                        0x20008900    0x20  Data  Lc  gap_cm.o [4]
writeAttribute          0x00017f65    0x1c  Code  Lc  gatt_db_att.o [4]
writeAttributePart      0x00017f81    0x22  Code  Lc  gatt_db_att.o [4]
writeAttributeValue     0x00014f9b   0x26c  Code  Lc  gatt_client.o [4]
xcvr_1mbps_config       0x00026f94    0x40  Data  Gb  fsl_xcvr_mode_datarate_config.o [1]
xcvr_250kbps_config     0x00027014    0x40  Data  Gb  fsl_xcvr_mode_datarate_config.o [1]
xcvr_500kbps_config     0x00026fd4    0x40  Data  Gb  fsl_xcvr_mode_datarate_config.o [1]
xcvr_802_15_4_500kbps_config
                        0x00027054    0x40  Data  Gb  fsl_xcvr_zgbe_config.o [1]
xcvr_ANT_1mbps_config   0x000262b4    0x68  Data  Gb  fsl_xcvr_ant_config.o [1]
xcvr_BLE_1mbps_config   0x0002631c    0x68  Data  Gb  fsl_xcvr_ble_config.o [1]
xcvr_GFSK_BT_0p3_h_0p5_1mbps_config
                        0x00026384    0x68  Data  Gb  fsl_xcvr_gfsk_bt_0p3_h_0p5_config.o [1]
xcvr_GFSK_BT_0p3_h_0p5_250kbps_config
                        0x00026454    0x68  Data  Gb  fsl_xcvr_gfsk_bt_0p3_h_0p5_config.o [1]
xcvr_GFSK_BT_0p3_h_0p5_500kbps_config
                        0x000263ec    0x68  Data  Gb  fsl_xcvr_gfsk_bt_0p3_h_0p5_config.o [1]
xcvr_GFSK_BT_0p5_h_0p32_1mbps_config
                        0x000264bc    0x68  Data  Gb  fsl_xcvr_gfsk_bt_0p5_h_0p32_config.o [1]
xcvr_GFSK_BT_0p5_h_0p32_250kbps_config
                        0x0002658c    0x68  Data  Gb  fsl_xcvr_gfsk_bt_0p5_h_0p32_config.o [1]
xcvr_GFSK_BT_0p5_h_0p32_500kbps_config
                        0x00026524    0x68  Data  Gb  fsl_xcvr_gfsk_bt_0p5_h_0p32_config.o [1]
xcvr_GFSK_BT_0p5_h_0p5_1mbps_config
                        0x000265f4    0x68  Data  Gb  fsl_xcvr_gfsk_bt_0p5_h_0p5_config.o [1]
xcvr_GFSK_BT_0p5_h_0p5_250kbps_config
                        0x000266c4    0x68  Data  Gb  fsl_xcvr_gfsk_bt_0p5_h_0p5_config.o [1]
xcvr_GFSK_BT_0p5_h_0p5_500kbps_config
                        0x0002665c    0x68  Data  Gb  fsl_xcvr_gfsk_bt_0p5_h_0p5_config.o [1]
xcvr_GFSK_BT_0p5_h_0p7_1mbps_config
                        0x0002672c    0x68  Data  Gb  fsl_xcvr_gfsk_bt_0p5_h_0p7_config.o [1]
xcvr_GFSK_BT_0p5_h_0p7_250kbps_config
                        0x000267fc    0x68  Data  Gb  fsl_xcvr_gfsk_bt_0p5_h_0p7_config.o [1]
xcvr_GFSK_BT_0p5_h_0p7_500kbps_config
                        0x00026794    0x68  Data  Gb  fsl_xcvr_gfsk_bt_0p5_h_0p7_config.o [1]
xcvr_GFSK_BT_0p5_h_1p0_1mbps_config
                        0x00026864    0x68  Data  Gb  fsl_xcvr_gfsk_bt_0p5_h_1p0_config.o [1]
xcvr_GFSK_BT_0p5_h_1p0_250kbps_config
                        0x00026934    0x68  Data  Gb  fsl_xcvr_gfsk_bt_0p5_h_1p0_config.o [1]
xcvr_GFSK_BT_0p5_h_1p0_500kbps_config
                        0x000268cc    0x68  Data  Gb  fsl_xcvr_gfsk_bt_0p5_h_1p0_config.o [1]
xcvr_GFSK_BT_0p7_h_0p5_1mbps_config
                        0x0002699c    0x68  Data  Gb  fsl_xcvr_gfsk_bt_0p7_h_0p5_config.o [1]
xcvr_GFSK_BT_0p7_h_0p5_250kbps_config
                        0x00026a6c    0x68  Data  Gb  fsl_xcvr_gfsk_bt_0p7_h_0p5_config.o [1]
xcvr_GFSK_BT_0p7_h_0p5_500kbps_config
                        0x00026a04    0x68  Data  Gb  fsl_xcvr_gfsk_bt_0p7_h_0p5_config.o [1]
xcvr_MSK_1mbps_config   0x00026ad4    0x68  Data  Gb  fsl_xcvr_msk_config.o [1]
xcvr_MSK_250kbps_config
                        0x00026ba4    0x68  Data  Gb  fsl_xcvr_msk_config.o [1]
xcvr_MSK_500kbps_config
                        0x00026b3c    0x68  Data  Gb  fsl_xcvr_msk_config.o [1]
xcvr_ZIGBEE_500kbps_config
                        0x00026c0c    0x68  Data  Gb  fsl_xcvr_zgbe_config.o [1]
xcvr_common_config      0x00025d4c   0x23c  Data  Gb  fsl_xcvr_common_config.o [1]
zgbe_mode_config        0x00026f4c    0x48  Data  Gb  fsl_xcvr_zgbe_config.o [1]


[1] = E:\Tracy\NXP\KW41Z\资料\bm\bm\debug\obj
[2] = command line
[3] = dl6M_tln.a
[4] = lib_ble_4-2_host_cm0p.a
[5] = lib_ble_kw41z_controller.a
[6] = lib_crypto_m0.a
[7] = m6M_tl.a
[8] = rt6M_tl.a
[9] = shb_l.a

  153 758 bytes of readonly  code memory
    7 703 bytes of readonly  data memory
   39 961 bytes of readwrite data memory

Errors: none
Warnings: none
